Component: ARM Compiler 5.06 update 7 (build 960) Tool: armlink [4d3601]

==============================================================================

Section Cross References

    startup_stm32f10x_md.o(STACK) refers (Special) to heapauxi.o(.text) for __use_two_region_memory
    startup_stm32f10x_md.o(HEAP) refers (Special) to heapauxi.o(.text) for __use_two_region_memory
    startup_stm32f10x_md.o(RESET) refers (Special) to heapauxi.o(.text) for __use_two_region_memory
    startup_stm32f10x_md.o(RESET) refers to startup_stm32f10x_md.o(STACK) for __initial_sp
    startup_stm32f10x_md.o(RESET) refers to startup_stm32f10x_md.o(.text) for Reset_Handler
    startup_stm32f10x_md.o(RESET) refers to stm32f10x_it.o(i.NMI_Handler) for NMI_Handler
    startup_stm32f10x_md.o(RESET) refers to stm32f10x_it.o(i.HardFault_Handler) for HardFault_Handler
    startup_stm32f10x_md.o(RESET) refers to stm32f10x_it.o(i.MemManage_Handler) for MemManage_Handler
    startup_stm32f10x_md.o(RESET) refers to stm32f10x_it.o(i.BusFault_Handler) for BusFault_Handler
    startup_stm32f10x_md.o(RESET) refers to stm32f10x_it.o(i.UsageFault_Handler) for UsageFault_Handler
    startup_stm32f10x_md.o(RESET) refers to stm32f10x_it.o(i.SVC_Handler) for SVC_Handler
    startup_stm32f10x_md.o(RESET) refers to stm32f10x_it.o(i.DebugMon_Handler) for DebugMon_Handler
    startup_stm32f10x_md.o(RESET) refers to stm32f10x_it.o(i.PendSV_Handler) for PendSV_Handler
    startup_stm32f10x_md.o(RESET) refers to stm32f10x_it.o(i.SysTick_Handler) for SysTick_Handler
    startup_stm32f10x_md.o(RESET) refers to rtc.o(i.RTC_IRQHandler) for RTC_IRQHandler
    startup_stm32f10x_md.o(RESET) refers to usart.o(i.USART1_IRQHandler) for USART1_IRQHandler
    startup_stm32f10x_md.o(.text) refers (Special) to heapauxi.o(.text) for __use_two_region_memory
    startup_stm32f10x_md.o(.text) refers to system_stm32f10x.o(i.SystemInit) for SystemInit
    startup_stm32f10x_md.o(.text) refers to __main.o(!!!main) for __main
    startup_stm32f10x_md.o(.text) refers to startup_stm32f10x_md.o(HEAP) for Heap_Mem
    startup_stm32f10x_md.o(.text) refers to startup_stm32f10x_md.o(STACK) for Stack_Mem
    stm32f10x_flash.o(i.FLASH_EnableWriteProtection) refers to stm32f10x_flash.o(i.FLASH_WaitForLastOperation) for FLASH_WaitForLastOperation
    stm32f10x_flash.o(i.FLASH_EraseAllBank1Pages) refers to stm32f10x_flash.o(i.FLASH_WaitForLastBank1Operation) for FLASH_WaitForLastBank1Operation
    stm32f10x_flash.o(i.FLASH_EraseAllPages) refers to stm32f10x_flash.o(i.FLASH_WaitForLastOperation) for FLASH_WaitForLastOperation
    stm32f10x_flash.o(i.FLASH_EraseOptionBytes) refers to stm32f10x_flash.o(i.FLASH_GetReadOutProtectionStatus) for FLASH_GetReadOutProtectionStatus
    stm32f10x_flash.o(i.FLASH_EraseOptionBytes) refers to stm32f10x_flash.o(i.FLASH_WaitForLastOperation) for FLASH_WaitForLastOperation
    stm32f10x_flash.o(i.FLASH_ErasePage) refers to stm32f10x_flash.o(i.FLASH_WaitForLastOperation) for FLASH_WaitForLastOperation
    stm32f10x_flash.o(i.FLASH_ProgramHalfWord) refers to stm32f10x_flash.o(i.FLASH_WaitForLastOperation) for FLASH_WaitForLastOperation
    stm32f10x_flash.o(i.FLASH_ProgramOptionByteData) refers to stm32f10x_flash.o(i.FLASH_WaitForLastOperation) for FLASH_WaitForLastOperation
    stm32f10x_flash.o(i.FLASH_ProgramWord) refers to stm32f10x_flash.o(i.FLASH_WaitForLastOperation) for FLASH_WaitForLastOperation
    stm32f10x_flash.o(i.FLASH_ReadOutProtection) refers to stm32f10x_flash.o(i.FLASH_WaitForLastOperation) for FLASH_WaitForLastOperation
    stm32f10x_flash.o(i.FLASH_UserOptionByteConfig) refers to stm32f10x_flash.o(i.FLASH_WaitForLastOperation) for FLASH_WaitForLastOperation
    stm32f10x_flash.o(i.FLASH_WaitForLastBank1Operation) refers to stm32f10x_flash.o(i.FLASH_GetBank1Status) for FLASH_GetBank1Status
    stm32f10x_flash.o(i.FLASH_WaitForLastOperation) refers to stm32f10x_flash.o(i.FLASH_GetBank1Status) for FLASH_GetBank1Status
    stm32f10x_gpio.o(i.GPIO_AFIODeInit) refers to stm32f10x_rcc.o(i.RCC_APB2PeriphResetCmd) for RCC_APB2PeriphResetCmd
    stm32f10x_gpio.o(i.GPIO_DeInit) refers to stm32f10x_rcc.o(i.RCC_APB2PeriphResetCmd) for RCC_APB2PeriphResetCmd
    stm32f10x_pwr.o(i.PWR_DeInit) refers to stm32f10x_rcc.o(i.RCC_APB1PeriphResetCmd) for RCC_APB1PeriphResetCmd
    stm32f10x_rcc.o(i.RCC_GetClocksFreq) refers to stm32f10x_rcc.o(.data) for APBAHBPrescTable
    stm32f10x_rcc.o(i.RCC_WaitForHSEStartUp) refers to stm32f10x_rcc.o(i.RCC_GetFlagStatus) for RCC_GetFlagStatus
    stm32f10x_rtc.o(i.RTC_SetAlarm) refers to stm32f10x_rtc.o(i.RTC_EnterConfigMode) for RTC_EnterConfigMode
    stm32f10x_rtc.o(i.RTC_SetAlarm) refers to stm32f10x_rtc.o(i.RTC_ExitConfigMode) for RTC_ExitConfigMode
    stm32f10x_rtc.o(i.RTC_SetCounter) refers to stm32f10x_rtc.o(i.RTC_EnterConfigMode) for RTC_EnterConfigMode
    stm32f10x_rtc.o(i.RTC_SetCounter) refers to stm32f10x_rtc.o(i.RTC_ExitConfigMode) for RTC_ExitConfigMode
[...]
    .ARM.Collect$$libinit$$00000033          0x08000182   Section        2  libinit2.o(.ARM.Collect$$libinit$$00000033)
    .ARM.Collect$$libshutdown$$00000000      0x08000184   Section        2  libshutdown.o(.ARM.Collect$$libshutdown$$00000000)
    .ARM.Collect$$libshutdown$$00000002      0x08000186   Section        0  libshutdown2.o(.ARM.Collect$$libshutdown$$00000002)
    .ARM.Collect$$libshutdown$$00000004      0x08000186   Section        0  libshutdown2.o(.ARM.Collect$$libshutdown$$00000004)
    .ARM.Collect$$libshutdown$$00000006      0x08000186   Section        0  libshutdown2.o(.ARM.Collect$$libshutdown$$00000006)
    .ARM.Collect$$libshutdown$$00000009      0x08000186   Section        0  libshutdown2.o(.ARM.Collect$$libshutdown$$00000009)
    .ARM.Collect$$libshutdown$$0000000C      0x08000186   Section        0  libshutdown2.o(.ARM.Collect$$libshutdown$$0000000C)
    .ARM.Collect$$libshutdown$$0000000E      0x08000186   Section        0  libshutdown2.o(.ARM.Collect$$libshutdown$$0000000E)
    .ARM.Collect$$libshutdown$$00000011      0x08000186   Section        0  libshutdown2.o(.ARM.Collect$$libshutdown$$00000011)
    .ARM.Collect$$libshutdown$$00000012      0x08000186   Section        2  libshutdown2.o(.ARM.Collect$$libshutdown$$00000012)
    .ARM.Collect$$rtentry$$00000000          0x08000188   Section        0  __rtentry.o(.ARM.Collect$$rtentry$$00000000)
    .ARM.Collect$$rtentry$$00000002          0x08000188   Section        0  __rtentry2.o(.ARM.Collect$$rtentry$$00000002)
    .ARM.Collect$$rtentry$$00000004          0x08000188   Section        6  __rtentry4.o(.ARM.Collect$$rtentry$$00000004)
    .ARM.Collect$$rtentry$$00000009          0x0800018e   Section        0  __rtentry2.o(.ARM.Collect$$rtentry$$00000009)
    .ARM.Collect$$rtentry$$0000000A          0x0800018e   Section        4  __rtentry2.o(.ARM.Collect$$rtentry$$0000000A)
    .ARM.Collect$$rtentry$$0000000C          0x08000192   Section        0  __rtentry2.o(.ARM.Collect$$rtentry$$0000000C)
    .ARM.Collect$$rtentry$$0000000D          0x08000192   Section        8  __rtentry2.o(.ARM.Collect$$rtentry$$0000000D)
    .ARM.Collect$$rtexit$$00000000           0x0800019a   Section        2  rtexit.o(.ARM.Collect$$rtexit$$00000000)
    .ARM.Collect$$rtexit$$00000002           0x0800019c   Section        0  rtexit2.o(.ARM.Collect$$rtexit$$00000002)
    .ARM.Collect$$rtexit$$00000003           0x0800019c   Section        4  rtexit2.o(.ARM.Collect$$rtexit$$00000003)
    .ARM.Collect$$rtexit$$00000004           0x080001a0   Section        6  rtexit2.o(.ARM.Collect$$rtexit$$00000004)
    .text                                    0x080001a8   Section       64  startup_stm32f10x_md.o(.text)
    .text                                    0x080001e8   Section        2  use_no_semi_2.o(.text)
    .text                                    0x080001ec   Section        0  noretval__2sprintf.o(.text)
    .text                                    0x08000214   Section        0  _printf_pad.o(.text)
    .text                                    0x08000264   Section        0  _printf_dec.o(.text)
    .text                                    0x080002dc   Section        0  __printf_wp.o(.text)
    .text                                    0x080003ea   Section        0  heapauxi.o(.text)
    .text                                    0x080003f0   Section        2  use_no_semi.o(.text)
    .text                                    0x080003f2   Section        0  _printf_intcommon.o(.text)
    .text                                    0x080004a4   Section        0  _printf_fp_dec.o(.text)
    _fp_digits                               0x080004a7   Thumb Code   432  _printf_fp_dec.o(.text)
    .text                                    0x080008c4   Section        0  _printf_char_common.o(.text)
    _printf_input_char                       0x080008c5   Thumb Code    10  _printf_char_common.o(.text)
    .text                                    0x080008f4   Section        0  _sputc.o(.text)
    .text                                    0x08000900   Section        8  rt_locale_intlibspace.o(.text)
    .text                                    0x08000908   Section      138  lludiv10.o(.text)
    .text                                    0x08000994   Section        0  _printf_fp_infnan.o(.text)
    .text                                    0x08000a14   Section        0  bigflt0.o(.text)
    .text                                    0x08000af8   Section        8  libspace.o(.text)
    .text                                    0x08000b00   Section       74  sys_stackheap_outer.o(.text)
    .text                                    0x08000b4a   Section        0  exit.o(.text)
    .text                                    0x08000b5c   Section      128  strcmpv7m.o(.text)
    CL$$btod_d2e                             0x08000bdc   Section       62  btod.o(CL$$btod_d2e)
    CL$$btod_d2e_denorm_low                  0x08000c1a   Section       70  btod.o(CL$$btod_d2e_denorm_low)
    CL$$btod_d2e_norm_op1                    0x08000c60   Section       96  btod.o(CL$$btod_d2e_norm_op1)
    CL$$btod_div_common                      0x08000cc0   Section      824  btod.o(CL$$btod_div_common)
    CL$$btod_e2e                             0x08000ff8   Section      220  btod.o(CL$$btod_e2e)
    CL$$btod_ediv                            0x080010d4   Section       42  btod.o(CL$$btod_ediv)
    CL$$btod_emul                            0x080010fe   Section       42  btod.o(CL$$btod_emul)
    CL$$btod_mult_common                     0x08001128   Section      580  btod.o(CL$$btod_mult_common)
    i.Auto_Time_Set                          0x0800136c   Section        0  rtc.o(i.Auto_Time_Set)
    i.BKP_DeInit                             0x08001478   Section        0  stm32f10x_bkp.o(i.BKP_DeInit)
    i.BKP_ReadBackupRegister                 0x08001488   Section        0  stm32f10x_bkp.o(i.BKP_ReadBackupRegister)
    i.BKP_WriteBackupRegister                0x080014a4   Section        0  stm32f10x_bkp.o(i.BKP_WriteBackupRegister)
    i.BusFault_Handler                       0x080014c0   Section        0  stm32f10x_it.o(i.BusFault_Handler)
    i.CT1711_Init                            0x080014c4   Section        0  ct1711.o(i.CT1711_Init)
    i.CT1711_Read_Bit                        0x08001504   Section        0  ct1711.o(i.CT1711_Read_Bit)
    i.CT1711_Read_Byte                       0x08001548   Section        0  ct1711.o(i.CT1711_Read_Byte)
    i.CT1711_Read_Temp_Degree                0x08001564   Section        0  ct1711.o(i.CT1711_Read_Temp_Degree)
    i.CT1711_reset                           0x08001640   Section        0  ct1711.o(i.CT1711_reset)
    i.DebugMon_Handler                       0x08001660   Section        0  stm32f10x_it.o(i.DebugMon_Handler)
    i.GPIO_Init                              0x08001662   Section        0  stm32f10x_gpio.o(i.GPIO_Init)
    i.GPIO_PinRemapConfig                    0x08001778   Section        0  stm32f10x_gpio.o(i.GPIO_PinRemapConfig)
    i.GPIO_ReadInputDataBit                  0x08001808   Section        0  stm32f10x_gpio.o(i.GPIO_ReadInputDataBit)
    i.GPIO_ResetBits                         0x0800181a   Section        0  stm32f10x_gpio.o(i.GPIO_ResetBits)
    i.GPIO_SetBits                           0x0800181e   Section        0  stm32f10x_gpio.o(i.GPIO_SetBits)
    i.HardFault_Handler                      0x08001822   Section        0  stm32f10x_it.o(i.HardFault_Handler)
    i.IIC_Ack                                0x08001828   Section        0  myiic.o(i.IIC_Ack)
    i.IIC_Init                               0x08001878   Section        0  myiic.o(i.IIC_Init)
    i.IIC_NAck                               0x080018b8   Section        0  myiic.o(i.IIC_NAck)
    i.IIC_Read_Byte                          0x08001908   Section        0  myiic.o(i.IIC_Read_Byte)
    i.IIC_Send_Byte                          0x08001968   Section        0  myiic.o(i.IIC_Send_Byte)
    i.IIC_Start                              0x080019d0   Section        0  myiic.o(i.IIC_Start)
    i.IIC_Stop                               0x08001a1c   Section        0  myiic.o(i.IIC_Stop)
    i.IIC_Wait_Ack                           0x08001a68   Section        0  myiic.o(i.IIC_Wait_Ack)
    i.Is_Leap_Year                           0x08001acc   Section        0  rtc.o(i.Is_Leap_Year)
    i.KEY_Init                               0x08001b08   Section        0  key.o(i.KEY_Init)
    i.LCD_Address_Set                        0x08001b30   Section        0  lcd_init.o(i.LCD_Address_Set)
    i.LCD_DrawPoint                          0x08001b6a   Section        0  lcd.o(i.LCD_DrawPoint)
    i.LCD_Fill                               0x08001b86   Section        0  lcd.o(i.LCD_Fill)
    i.LCD_GPIO_Init                          0x08001bd0   Section        0  lcd_init.o(i.LCD_GPIO_Init)
    i.LCD_Init                               0x08001c2c   Section        0  lcd_init.o(i.LCD_Init)
    i.LCD_ShowChar                           0x08001dcc   Section        0  lcd.o(i.LCD_ShowChar)
    i.LCD_ShowIntNum                         0x08001f24   Section        0  lcd.o(i.LCD_ShowIntNum)
    i.LCD_ShowString                         0x08001fba   Section        0  lcd.o(i.LCD_ShowString)
    i.LCD_WR_DATA                            0x08001ffc   Section        0  lcd_init.o(i.LCD_WR_DATA)
    i.LCD_WR_DATA8                           0x0800200e   Section        0  lcd_init.o(i.LCD_WR_DATA8)
    i.LCD_WR_REG                             0x0800201c   Section        0  lcd_init.o(i.LCD_WR_REG)
    i.LCD_Writ_Bus                           0x0800203c   Section        0  lcd_init.o(i.LCD_Writ_Bus)
    i.LCD_show_struc                         0x08002090   Section        0  work.o(i.LCD_show_struc)
    i.MemManage_Handler                      0x080021a0   Section        0  stm32f10x_it.o(i.MemManage_Handler)
    i.NMI_Handler                            0x080021a4   Section        0  stm32f10x_it.o(i.NMI_Handler)
    i.NVIC_Configuration                     0x080021a6   Section        0  sys.o(i.NVIC_Configuration)
    i.NVIC_Init                              0x080021b4   Section        0  misc.o(i.NVIC_Init)
    i.NVIC_PriorityGroupConfig               0x08002224   Section        0  misc.o(i.NVIC_PriorityGroupConfig)
    i.PWR_BackupAccessCmd                    0x08002238   Section        0  stm32f10x_pwr.o(i.PWR_BackupAccessCmd)
    i.PendSV_Handler                         0x08002244   Section        0  stm32f10x_it.o(i.PendSV_Handler)
    i.RCC_APB1PeriphClockCmd                 0x08002248   Section        0  stm32f10x_rcc.o(i.RCC_APB1PeriphClockCmd)
    i.RCC_APB2PeriphClockCmd                 0x08002268   Section        0  stm32f10x_rcc.o(i.RCC_APB2PeriphClockCmd)
    i.RCC_BackupResetCmd                     0x08002288   Section        0  stm32f10x_rcc.o(i.RCC_BackupResetCmd)
    i.RCC_ClearFlag                          0x08002294   Section        0  stm32f10x_rcc.o(i.RCC_ClearFlag)
    i.RCC_GetClocksFreq                      0x080022a8   Section        0  stm32f10x_rcc.o(i.RCC_GetClocksFreq)
    i.RCC_GetFlagStatus                      0x0800237c   Section        0  stm32f10x_rcc.o(i.RCC_GetFlagStatus)
    i.RCC_LSEConfig                          0x080023b8   Section        0  stm32f10x_rcc.o(i.RCC_LSEConfig)
    i.RCC_RTCCLKCmd                          0x080023ec   Section        0  stm32f10x_rcc.o(i.RCC_RTCCLKCmd)
    i.RCC_RTCCLKConfig                       0x080023f8   Section        0  stm32f10x_rcc.o(i.RCC_RTCCLKConfig)
    i.RTC_EnterConfigMode                    0x08002408   Section        0  stm32f10x_rtc.o(i.RTC_EnterConfigMode)
    i.RTC_ExitConfigMode                     0x0800241c   Section        0  stm32f10x_rtc.o(i.RTC_ExitConfigMode)
    i.RTC_Get                                0x08002430   Section        0  rtc.o(i.RTC_Get)
    i.RTC_Get_Week                           0x0800253c   Section        0  rtc.o(i.RTC_Get_Week)
    i.RTC_IRQHandler                         0x080025b4   Section        0  rtc.o(i.RTC_IRQHandler)
    i.RTC_ITConfig                           0x08002600   Section        0  stm32f10x_rtc.o(i.RTC_ITConfig)
    i.RTC_Init                               0x08002620   Section        0  rtc.o(i.RTC_Init)
    i.RTC_NVIC_Config                        0x080026c8   Section        0  rtc.o(i.RTC_NVIC_Config)
    i.RTC_Set                                0x080026ec   Section        0  rtc.o(i.RTC_Set)
    i.RTC_SetCounter                         0x080027a8   Section        0  stm32f10x_rtc.o(i.RTC_SetCounter)
    i.RTC_SetPrescaler                       0x080027c4   Section        0  stm32f10x_rtc.o(i.RTC_SetPrescaler)
    i.RTC_WaitForLastTask                    0x080027e4   Section        0  stm32f10x_rtc.o(i.RTC_WaitForLastTask)
    i.RTC_WaitForSynchro                     0x080027f8   Section        0  stm32f10x_rtc.o(i.RTC_WaitForSynchro)
    i.SVC_Handler                            0x0800281c   Section        0  stm32f10x_it.o(i.SVC_Handler)
    i.SysTick_CLKSourceConfig                0x0800281e   Section        0  misc.o(i.SysTick_CLKSourceConfig)
    i.SysTick_Handler                        0x08002846   Section        0  stm32f10x_it.o(i.SysTick_Handler)
    i.SystemInit                             0x08002848   Section        0  system_stm32f10x.o(i.SystemInit)
    i.USART1_IRQHandler                      0x080028ac   Section        0  usart.o(i.USART1_IRQHandler)
    i.USART_ClearFlag                        0x080029b4   Section        0  stm32f10x_usart.o(i.USART_ClearFlag)
    i.USART_ClearITPendingBit                0x080029c6   Section        0  stm32f10x_usart.o(i.USART_ClearITPendingBit)
    i.USART_Cmd                              0x080029e4   Section        0  stm32f10x_usart.o(i.USART_Cmd)
    i.USART_GetFlagStatus                    0x080029fc   Section        0  stm32f10x_usart.o(i.USART_GetFlagStatus)
    i.USART_GetITStatus                      0x08002a16   Section        0  stm32f10x_usart.o(i.USART_GetITStatus)
    i.USART_ITConfig                         0x08002a6a   Section        0  stm32f10x_usart.o(i.USART_ITConfig)
    i.USART_Init                             0x08002ab4   Section        0  stm32f10x_usart.o(i.USART_Init)
    i.USART_ReceiveData                      0x08002b8c   Section        0  stm32f10x_usart.o(i.USART_ReceiveData)
    i.USART_SendData                         0x08002b96   Section        0  stm32f10x_usart.o(i.USART_SendData)
    i.USART_SendString                       0x08002b9e   Section        0  usart.o(i.USART_SendString)
    i.UsageFault_Handler                     0x08002bd8   Section        0  stm32f10x_it.o(i.UsageFault_Handler)
    i.__ARM_fpclassify                       0x08002bdc   Section        0  fpclassify.o(i.__ARM_fpclassify)
    i._is_digit                              0x08002c04   Section        0  __printf_wp.o(i._is_digit)
    i._sys_exit                              0x08002c12   Section        0  usart.o(i._sys_exit)
    i.delay_init                             0x08002c18   Section        0  delay.o(i.delay_init)
    i.delay_ms                               0x08002c54   Section        0  delay.o(i.delay_ms)
    i.delay_us                               0x08002c90   Section        0  delay.o(i.delay_us)
    i.main                                   0x08002ccc   Section        0  main.o(i.main)
    i.max30102_init                          0x08002d34   Section        0  max30102.o(i.max30102_init)
    i.max30102_read_fifo                     0x08002de8   Section        0  max30102.o(i.max30102_read_fifo)
    i.max30102_read_reg                      0x08002ebc   Section        0  max30102.o(i.max30102_read_reg)
    i.max30102_reset                         0x08002f0e   Section        0  max30102.o(i.max30102_reset)
    i.max30102_write_reg                     0x08002f22   Section        0  max30102.o(i.max30102_write_reg)
    i.maxim_find_peaks                       0x08002f66   Section        0  algorithm.o(i.maxim_find_peaks)
    i.maxim_heart_rate_and_oxygen_saturation 0x08002fa8   Section        0  algorithm.o(i.maxim_heart_rate_and_oxygen_saturation)
    i.maxim_peaks_above_min_height           0x0800342c   Section        0  algorithm.o(i.maxim_peaks_above_min_height)
    i.maxim_remove_close_peaks               0x080034d6   Section        0  algorithm.o(i.maxim_remove_close_peaks)
    i.maxim_sort_ascend                      0x08003548   Section        0  algorithm.o(i.maxim_sort_ascend)
    i.maxim_sort_indices_descend             0x0800357e   Section        0  algorithm.o(i.maxim_sort_indices_descend)
    i.mypow                                  0x080035be   Section        0  lcd.o(i.mypow)
    i.show_health                            0x080035d4   Section        0  work.o(i.show_health)
    i.show_real_time                         0x08003894   Section        0  work.o(i.show_real_time)
    i.show_temperature                       0x08003a78   Section        0  work.o(i.show_temperature)
    i.str_cmpx                               0x08003b84   Section        0  rtc.o(i.str_cmpx)
    i.uart_init                              0x08003ba8   Section        0  usart.o(i.uart_init)
    locale$$code                             0x08003c48   Section       44  lc_numeric_c.o(locale$$code)
    x$fpl$d2f                                0x08003c74   Section       98  d2f.o(x$fpl$d2f)
    x$fpl$dcmpinf                            0x08003cd6   Section       24  dcmpi.o(x$fpl$dcmpinf)
    x$fpl$ddiv                               0x08003cf0   Section      688  ddiv.o(x$fpl$ddiv)
    ddiv_entry                               0x08003cf7   Thumb Code     0  ddiv.o(x$fpl$ddiv)
    x$fpl$dflt                               0x08003fa0   Section       46  dflt_clz.o(x$fpl$dflt)
    x$fpl$dleqf                              0x08003fd0   Section      120  dleqf.o(x$fpl$dleqf)
    x$fpl$dmul                               0x08004048   Section      340  dmul.o(x$fpl$dmul)
    x$fpl$dnaninf                            0x0800419c   Section      156  dnaninf.o(x$fpl$dnaninf)
    x$fpl$dretinf                            0x08004238   Section       12  dretinf.o(x$fpl$dretinf)
    x$fpl$f2d                                0x08004244   Section       86  f2d.o(x$fpl$f2d)
    x$fpl$fadd                               0x0800429c   Section      196  faddsub_clz.o(x$fpl$fadd)
    _fadd1                                   0x080042ab   Thumb Code     0  faddsub_clz.o(x$fpl$fadd)
    x$fpl$fdiv                               0x08004360   Section      388  fdiv.o(x$fpl$fdiv)
    _fdiv1                                   0x08004361   Thumb Code     0  fdiv.o(x$fpl$fdiv)
    x$fpl$ffix                               0x080044e4   Section       54  ffix.o(x$fpl$ffix)
    x$fpl$ffixu                              0x0800451c   Section       62  ffixu.o(x$fpl$ffixu)
    x$fpl$fflt                               0x0800455c   Section       48  fflt_clz.o(x$fpl$fflt)
    x$fpl$ffltu                              0x0800458c   Section       38  fflt_clz.o(x$fpl$ffltu)
    x$fpl$fmul                               0x080045b4   Section      258  fmul.o(x$fpl$fmul)
    x$fpl$fnaninf                            0x080046b6   Section      140  fnaninf.o(x$fpl$fnaninf)
    x$fpl$fretinf                            0x08004742   Section       10  fretinf.o(x$fpl$fretinf)
    x$fpl$frsb                               0x0800474c   Section       20  faddsub_clz.o(x$fpl$frsb)
    x$fpl$fsub                               0x08004760   Section      234  faddsub_clz.o(x$fpl$fsub)
    _fsub1                                   0x0800476f   Thumb Code     0  faddsub_clz.o(x$fpl$fsub)
    x$fpl$printf1                            0x0800484a   Section        4  printf1.o(x$fpl$printf1)
    .constdata                               0x0800484e   Section       60  rtc.o(.constdata)
    x$fpl$usenofp                            0x0800484e   Section        0  usenofp.o(x$fpl$usenofp)
    .constdata                               0x0800488a   Section      184  algorithm.o(.constdata)
    .constdata                               0x08004942   Section    14620  lcd.o(.constdata)
    .constdata                               0x08008260   Section      148  bigflt0.o(.constdata)
    tenpwrs_x                                0x08008260   Data          60  bigflt0.o(.constdata)
    tenpwrs_i                                0x0800829c   Data          64  bigflt0.o(.constdata)
    .conststring                             0x080082f4   Section       89  work.o(.conststring)
    locale$$data                             0x08008370   Section       28  lc_numeric_c.o(locale$$data)
    __lcnum_c_name                           0x08008374   Data           2  lc_numeric_c.o(locale$$data)
    __lcnum_c_start                          0x0800837c   Data           0  lc_numeric_c.o(locale$$data)
    __lcnum_c_point                          0x08008388   Data           0  lc_numeric_c.o(locale$$data)
    __lcnum_c_thousands                      0x0800838a   Data           0  lc_numeric_c.o(locale$$data)
    __lcnum_c_grouping                       0x0800838b   Data           0  lc_numeric_c.o(locale$$data)
    __lcnum_c_end                            0x0800838c   Data           0  lc_numeric_c.o(locale$$data)
    .data                                    0x20000000   Section       20  stm32f10x_rcc.o(.data)
    APBAHBPrescTable                         0x20000000   Data          16  stm32f10x_rcc.o(.data)
    ADCPrescTable                            0x20000010   Data           4  stm32f10x_rcc.o(.data)
    .data                                    0x20000014   Section        4  delay.o(.data)
    fac_us                                   0x20000014   Data           1  delay.o(.data)
    fac_ms                                   0x20000016   Data           2  delay.o(.data)
    .data                                    0x20000018   Section        2  rtc.o(.data)
    daycnt                                   0x20000018   Data           2  rtc.o(.data)
    .data                                    0x2000001c   Section       80  work.o(.data)
    .bss                                     0x2000006c   Section       10  rtc.o(.bss)
    .bss                                     0x20000078   Section     1200  algorithm.o(.bss)
    an_x                                     0x20000078   Data         600  algorithm.o(.bss)
    an_y                                     0x200002d0   Data         600  algorithm.o(.bss)
    .bss                                     0x20000528   Section     5200  work.o(.bss)
    an_x                                     0x20000528   Data         600  work.o(.bss)
    an_y                                     0x20000780   Data         600  work.o(.bss)
    .bss                                     0x20001978   Section       96  libspace.o(.bss)
    HEAP                                     0x200019d8   Section      512  startup_stm32f10x_md.o(HEAP)
    Heap_Mem                                 0x200019d8   Data         512  startup_stm32f10x_md.o(HEAP)
    STACK                                    0x20001bd8   Section     1024  startup_stm32f10x_md.o(STACK)
    Stack_Mem                                0x20001bd8   Data        1024  startup_stm32f10x_md.o(STACK)
    __initial_sp                             0x20001fd8   Data           0  startup_stm32f10x_md.o(STACK)

    Global Symbols

    Symbol Name                              Value     Ov Type        Size  Object(Section)

    BuildAttributes$$THM_ISAv4$P$D$K$B$S$PE$A:L22UL41UL21$X:L11$S22US41US21$IEEE1$IW$USESV6$~STKCKD$USESV7$~SHL$OTIME$ROPI$IEEEJ$EBA8$UX$STANDARDLIB$REQ8$PRES8$EABIv2 0x00000000   Number         0  anon$$obj.o ABSOLUTE
    __ARM_use_no_argv                        0x00000000   Number         0  main.o ABSOLUTE
    _printf_flags                            0x00000000   Number         0  printf_stubs.o ABSOLUTE
    _printf_return_value                     0x00000000   Number         0  printf_stubs.o ABSOLUTE
    _printf_sizespec                         0x00000000   Number         0  printf_stubs.o ABSOLUTE
    _printf_widthprec                        0x00000000   Number         0  printf_stubs.o ABSOLUTE
    __ARM_exceptions_init                     - Undefined Weak Reference
    __alloca_initialize                       - Undefined Weak Reference
    __arm_fini_                               - Undefined Weak Reference
    __arm_preinit_                            - Undefined Weak Reference
    __cpp_initialize__aeabi_                  - Undefined Weak Reference
    __cxa_finalize                            - Undefined Weak Reference
    __sigvec_lookup                           - Undefined Weak Reference
    _atexit_init                              - Undefined Weak Reference
    _call_atexit_fns                          - Undefined Weak Reference
    _clock_init                               - Undefined Weak Reference
    _fp_trap_init                             - Undefined Weak Reference
    _fp_trap_shutdown                         - Undefined Weak Reference
    _get_lc_collate                           - Undefined Weak Reference
    _get_lc_ctype                             - Undefined Weak Reference
    _get_lc_monetary                          - Undefined Weak Reference
    _get_lc_time                              - Undefined Weak Reference
    _getenv_init                              - Undefined Weak Reference
    _handle_redirection                       - Undefined Weak Reference
    _init_alloc                               - Undefined Weak Reference
    _init_user_alloc                          - Undefined Weak Reference
    _initio                                   - Undefined Weak Reference
    _printf_truncate_signed                   - Undefined Weak Reference
    _printf_truncate_unsigned                 - Undefined Weak Reference
    _rand_init                                - Undefined Weak Reference
    _signal_finish                            - Undefined Weak Reference
    _signal_init                              - Undefined Weak Reference
    _terminate_alloc                          - Undefined Weak Reference
    _terminate_user_alloc                     - Undefined Weak Reference
    _terminateio                              - Undefined Weak Reference
    __Vectors_Size                           0x000000ec   Number         0  startup_stm32f10x_md.o ABSOLUTE
    __Vectors                                0x08000000   Data           4  startup_stm32f10x_md.o(RESET)
    __Vectors_End                            0x080000ec   Data           0  startup_stm32f10x_md.o(RESET)
    __main                                   0x080000ed   Thumb Code     8  __main.o(!!!main)
    __scatterload                            0x080000f5   Thumb Code     0  __scatter.o(!!!scatter)
    __scatterload_rt2                        0x080000f5   Thumb Code    44  __scatter.o(!!!scatter)
    __scatterload_rt2_thumb_only             0x080000f5   Thumb Code     0  __scatter.o(!!!scatter)
    __scatterload_null                       0x08000103   Thumb Code     0  __scatter.o(!!!scatter)
    __scatterload_copy                       0x08000129   Thumb Code    26  __scatter_copy.o(!!handler_copy)
    __scatterload_zeroinit                   0x08000145   Thumb Code    28  __scatter_zi.o(!!handler_zi)
    _printf_f                                0x08000161   Thumb Code     0  _printf_f.o(.ARM.Collect$$_printf_percent$$00000003)
    _printf_percent                          0x08000161   Thumb Code     0  _printf_percent.o(.ARM.Collect$$_printf_percent$$00000000)
    _printf_d                                0x08000167   Thumb Code     0  _printf_d.o(.ARM.Collect$$_printf_percent$$00000009)
    _printf_percent_end                      0x0800016d   Thumb Code     0  _printf_percent_end.o(.ARM.Collect$$_printf_percent$$00000017)
    __rt_lib_init                            0x08000171   Thumb Code     0  libinit.o(.ARM.Collect$$libinit$$00000000)
    __rt_lib_init_fp_1                       0x08000173   Thumb Code     0  libinit2.o(.ARM.Collect$$libinit$$00000002)
    __rt_lib_init_heap_1                     0x08000173   Thumb Code     0  libinit2.o(.ARM.Collect$$libinit$$0000000A)
    __rt_lib_init_lc_common                  0x08000173   Thumb Code     0  libinit2.o(.ARM.Collect$$libinit$$0000000F)
    __rt_lib_init_preinit_1                  0x08000173   Thumb Code     0  libinit2.o(.ARM.Collect$$libinit$$00000004)
    __rt_lib_init_rand_1                     0x08000173   Thumb Code     0  libinit2.o(.ARM.Collect$$libinit$$0000000E)
    __rt_lib_init_user_alloc_1               0x08000173   Thumb Code     0  libinit2.o(.ARM.Collect$$libinit$$0000000C)
    __rt_lib_init_lc_collate_1               0x08000179   Thumb Code     0  libinit2.o(.ARM.Collect$$libinit$$00000011)
    __rt_lib_init_lc_ctype_1                 0x08000179   Thumb Code     0  libinit2.o(.ARM.Collect$$libinit$$00000013)
    __rt_lib_init_lc_monetary_1              0x08000179   Thumb Code     0  libinit2.o(.ARM.Collect$$libinit$$00000015)
    __rt_lib_init_lc_numeric_2               0x08000179   Thumb Code     0  libinit2.o(.ARM.Collect$$libinit$$00000016)
    __rt_lib_init_alloca_1                   0x08000183   Thumb Code     0  libinit2.o(.ARM.Collect$$libinit$$0000002E)
    __rt_lib_init_argv_1                     0x08000183   Thumb Code     0  libinit2.o(.ARM.Collect$$libinit$$0000002C)
    __rt_lib_init_atexit_1                   0x08000183   Thumb Code     0  libinit2.o(.ARM.Collect$$libinit$$0000001B)
    __rt_lib_init_clock_1                    0x08000183   Thumb Code     0  libinit2.o(.ARM.Collect$$libinit$$00000021)
    __rt_lib_init_cpp_1                      0x08000183   Thumb Code     0  libinit2.o(.ARM.Collect$$libinit$$00000032)
    __rt_lib_init_exceptions_1               0x08000183   Thumb Code     0  libinit2.o(.ARM.Collect$$libinit$$00000030)
    __rt_lib_init_fp_trap_1                  0x08000183   Thumb Code     0  libinit2.o(.ARM.Collect$$libinit$$0000001F)
    __rt_lib_init_getenv_1                   0x08000183   Thumb Code     0  libinit2.o(.ARM.Collect$$libinit$$00000023)
    __rt_lib_init_lc_numeric_1               0x08000183   Thumb Code     0  libinit2.o(.ARM.Collect$$libinit$$00000017)
    __rt_lib_init_lc_time_1                  0x08000183   Thumb Code     0  libinit2.o(.ARM.Collect$$libinit$$00000019)
    __rt_lib_init_return                     0x08000183   Thumb Code     0  libinit2.o(.ARM.Collect$$libinit$$00000033)
    __rt_lib_init_signal_1                   0x08000183   Thumb Code     0  libinit2.o(.ARM.Collect$$libinit$$0000001D)
    __rt_lib_init_stdio_1                    0x08000183   Thumb Code     0  libinit2.o(.ARM.Collect$$libinit$$00000025)
    __rt_lib_shutdown                        0x08000185   Thumb Code     0  libshutdown.o(.ARM.Collect$$libshutdown$$00000000)
    __rt_lib_shutdown_cpp_1                  0x08000187   Thumb Code     0  libshutdown2.o(.ARM.Collect$$libshutdown$$00000004)
    __rt_lib_shutdown_fini_1                 0x08000187   Thumb Code     0  libshutdown2.o(.ARM.Collect$$libshutdown$$00000002)
    __rt_lib_shutdown_fp_trap_1              0x08000187   Thumb Code     0  libshutdown2.o(.ARM.Collect$$libshutdown$$00000009)
    __rt_lib_shutdown_heap_1                 0x08000187   Thumb Code     0  libshutdown2.o(.ARM.Collect$$libshutdown$$00000011)
    __rt_lib_shutdown_return                 0x08000187   Thumb Code     0  libshutdown2.o(.ARM.Collect$$libshutdown$$00000012)
    __rt_lib_shutdown_signal_1               0x08000187   Thumb Code     0  libshutdown2.o(.ARM.Collect$$libshutdown$$0000000C)
    __rt_lib_shutdown_stdio_1                0x08000187   Thumb Code     0  libshutdown2.o(.ARM.Collect$$libshutdown$$00000006)
    __rt_lib_shutdown_user_alloc_1           0x08000187   Thumb Code     0  libshutdown2.o(.ARM.Collect$$libshutdown$$0000000E)
    __rt_entry                               0x08000189   Thumb Code     0  __rtentry.o(.ARM.Collect$$rtentry$$00000000)
    __rt_entry_presh_1                       0x08000189   Thumb Code     0  __rtentry2.o(.ARM.Collect$$rtentry$$00000002)
    __rt_entry_sh                            0x08000189   Thumb Code     0  __rtentry4.o(.ARM.Collect$$rtentry$$00000004)
    __rt_entry_li                            0x0800018f   Thumb Code     0  __rtentry2.o(.ARM.Collect$$rtentry$$0000000A)
    __rt_entry_postsh_1                      0x0800018f   Thumb Code     0  __rtentry2.o(.ARM.Collect$$rtentry$$00000009)
    __rt_entry_main                          0x08000193   Thumb Code     0  __rtentry2.o(.ARM.Collect$$rtentry$$0000000D)
    __rt_entry_postli_1                      0x08000193   Thumb Code     0  __rtentry2.o(.ARM.Collect$$rtentry$$0000000C)
    __rt_exit                                0x0800019b   Thumb Code     0  rtexit.o(.ARM.Collect$$rtexit$$00000000)
    __rt_exit_ls                             0x0800019d   Thumb Code     0  rtexit2.o(.ARM.Collect$$rtexit$$00000003)
    __rt_exit_prels_1                        0x0800019d   Thumb Code     0  rtexit2.o(.ARM.Collect$$rtexit$$00000002)
    __rt_exit_exit                           0x080001a1   Thumb Code     0  rtexit2.o(.ARM.Collect$$rtexit$$00000004)
    Reset_Handler                            0x080001a9   Thumb Code     8  startup_stm32f10x_md.o(.text)
    ADC1_2_IRQHandler                        0x080001c3   Thumb Code     0  startup_stm32f10x_md.o(.text)
    CAN1_RX1_IRQHandler                      0x080001c3   Thumb Code     0  startup_stm32f10x_md.o(.text)
    CAN1_SCE_IRQHandler                      0x080001c3   Thumb Code     0  startup_stm32f10x_md.o(.text)
    DMA1_Channel1_IRQHandler                 0x080001c3   Thumb Code     0  startup_stm32f10x_md.o(.text)
    DMA1_Channel2_IRQHandler                 0x080001c3   Thumb Code     0  startup_stm32f10x_md.o(.text)
    DMA1_Channel3_IRQHandler                 0x080001c3   Thumb Code     0  startup_stm32f10x_md.o(.text)
    DMA1_Channel4_IRQHandler                 0x080001c3   Thumb Code     0  startup_stm32f10x_md.o(.text)
    DMA1_Channel5_IRQHandler                 0x080001c3   Thumb Code     0  startup_stm32f10x_md.o(.text)
    DMA1_Channel6_IRQHandler                 0x080001c3   Thumb Code     0  startup_stm32f10x_md.o(.text)
    DMA1_Channel7_IRQHandler                 0x080001c3   Thumb Code     0  startup_stm32f10x_md.o(.text)
    EXTI0_IRQHandler                         0x080001c3   Thumb Code     0  startup_stm32f10x_md.o(.text)
    EXTI15_10_IRQHandler                     0x080001c3   Thumb Code     0  startup_stm32f10x_md.o(.text)
    EXTI1_IRQHandler                         0x080001c3   Thumb Code     0  startup_stm32f10x_md.o(.text)
    EXTI2_IRQHandler                         0x080001c3   Thumb Code     0  startup_stm32f10x_md.o(.text)
    EXTI3_IRQHandler                         0x080001c3   Thumb Code     0  startup_stm32f10x_md.o(.text)
    EXTI4_IRQHandler                         0x080001c3   Thumb Code     0  startup_stm32f10x_md.o(.text)
    EXTI9_5_IRQHandler                       0x080001c3   Thumb Code     0  startup_stm32f10x_md.o(.text)
    FLASH_IRQHandler                         0x080001c3   Thumb Code     0  startup_stm32f10x_md.o(.text)
    I2C1_ER_IRQHandler                       0x080001c3   Thumb Code     0  startup_stm32f10x_md.o(.text)
    I2C1_EV_IRQHandler                       0x080001c3   Thumb Code     0  startup_stm32f10x_md.o(.text)
    I2C2_ER_IRQHandler                       0x080001c3   Thumb Code     0  startup_stm32f10x_md.o(.text)
    I2C2_EV_IRQHandler                       0x080001c3   Thumb Code     0  startup_stm32f10x_md.o(.text)
    PVD_IRQHandler                           0x080001c3   Thumb Code     0  startup_stm32f10x_md.o(.text)
    RCC_IRQHandler                           0x080001c3   Thumb Code     0  startup_stm32f10x_md.o(.text)
    RTCAlarm_IRQHandler                      0x080001c3   Thumb Code     0  startup_stm32f10x_md.o(.text)
    SPI1_IRQHandler                          0x080001c3   Thumb Code     0  startup_stm32f10x_md.o(.text)
    SPI2_IRQHandler                          0x080001c3   Thumb Code     0  startup_stm32f10x_md.o(.text)
    TAMPER_IRQHandler                        0x080001c3   Thumb Code     0  startup_stm32f10x_md.o(.text)
    TIM1_BRK_IRQHandler                      0x080001c3   Thumb Code     0  startup_stm32f10x_md.o(.text)
    TIM1_CC_IRQHandler                       0x080001c3   Thumb Code     0  startup_stm32f10x_md.o(.text)
    TIM1_TRG_COM_IRQHandler                  0x080001c3   Thumb Code     0  startup_stm32f10x_md.o(.text)
    TIM1_UP_IRQHandler                       0x080001c3   Thumb Code     0  startup_stm32f10x_md.o(.text)
    TIM2_IRQHandler                          0x080001c3   Thumb Code     0  startup_stm32f10x_md.o(.text)
    TIM3_IRQHandler                          0x080001c3   Thumb Code     0  startup_stm32f10x_md.o(.text)
    TIM4_IRQHandler                          0x080001c3   Thumb Code     0  startup_stm32f10x_md.o(.text)
    USART2_IRQHandler                        0x080001c3   Thumb Code     0  startup_stm32f10x_md.o(.text)
    USART3_IRQHandler                        0x080001c3   Thumb Code     0  startup_stm32f10x_md.o(.text)
    USBWakeUp_IRQHandler                     0x080001c3   Thumb Code     0  startup_stm32f10x_md.o(.text)
    USB_HP_CAN1_TX_IRQHandler                0x080001c3   Thumb Code     0  startup_stm32f10x_md.o(.text)
    USB_LP_CAN1_RX0_IRQHandler               0x080001c3   Thumb Code     0  startup_stm32f10x_md.o(.text)
    WWDG_IRQHandler                          0x080001c3   Thumb Code     0  startup_stm32f10x_md.o(.text)
    __user_initial_stackheap                 0x080001c5   Thumb Code     0  startup_stm32f10x_md.o(.text)
    __use_no_semihosting                     0x080001e9   Thumb Code     2  use_no_semi_2.o(.text)
    __2sprintf                               0x080001ed   Thumb Code    34  noretval__2sprintf.o(.text)
    _printf_pre_padding                      0x08000215   Thumb Code    44  _printf_pad.o(.text)
    _printf_post_padding                     0x08000241   Thumb Code    34  _printf_pad.o(.text)
    _printf_int_dec                          0x08000265   Thumb Code   104  _printf_dec.o(.text)
    __printf                                 0x080002dd   Thumb Code   270  __printf_wp.o(.text)
    __use_two_region_memory                  0x080003eb   Thumb Code     2  heapauxi.o(.text)
    __rt_heap_escrow$2region                 0x080003ed   Thumb Code     2  heapauxi.o(.text)
    __rt_heap_expand$2region                 0x080003ef   Thumb Code     2  heapauxi.o(.text)
    __I$use$semihosting                      0x080003f1   Thumb Code     0  use_no_semi.o(.text)
    __use_no_semihosting_swi                 0x080003f1   Thumb Code     2  use_no_semi.o(.text)
    _printf_int_common                       0x080003f3   Thumb Code   178  _printf_intcommon.o(.text)
    __lib_sel_fp_printf                      0x080004a5   Thumb Code     2  _printf_fp_dec.o(.text)
    _printf_fp_dec_real                      0x08000657   Thumb Code   620  _printf_fp_dec.o(.text)
    _printf_char_common                      0x080008cf   Thumb Code    32  _printf_char_common.o(.text)
    _sputc                                   0x080008f5   Thumb Code    10  _sputc.o(.text)
    __rt_locale                              0x08000901   Thumb Code     8  rt_locale_intlibspace.o(.text)
    _ll_udiv10                               0x08000909   Thumb Code   138  lludiv10.o(.text)
    _printf_fp_infnan                        0x08000995   Thumb Code   112  _printf_fp_infnan.o(.text)
    _btod_etento                             0x08000a15   Thumb Code   224  bigflt0.o(.text)
    __user_libspace                          0x08000af9   Thumb Code     8  libspace.o(.text)
    __user_perproc_libspace                  0x08000af9   Thumb Code     0  libspace.o(.text)
    __user_perthread_libspace                0x08000af9   Thumb Code     0  libspace.o(.text)
    __user_setup_stackheap                   0x08000b01   Thumb Code    74  sys_stackheap_outer.o(.text)
    exit                                     0x08000b4b   Thumb Code    18  exit.o(.text)
    strcmp                                   0x08000b5d   Thumb Code   128  strcmpv7m.o(.text)
    _btod_d2e                                0x08000bdd   Thumb Code    62  btod.o(CL$$btod_d2e)
    _d2e_denorm_low                          0x08000c1b   Thumb Code    70  btod.o(CL$$btod_d2e_denorm_low)
    _d2e_norm_op1                            0x08000c61   Thumb Code    96  btod.o(CL$$btod_d2e_norm_op1)
    __btod_div_common                        0x08000cc1   Thumb Code   696  btod.o(CL$$btod_div_common)
    _e2e                                     0x08000ff9   Thumb Code   220  btod.o(CL$$btod_e2e)
    _btod_ediv                               0x080010d5   Thumb Code    42  btod.o(CL$$btod_ediv)
    _btod_emul                               0x080010ff   Thumb Code    42  btod.o(CL$$btod_emul)
    __btod_mult_common                       0x08001129   Thumb Code   580  btod.o(CL$$btod_mult_common)
    Auto_Time_Set                            0x0800136d   Thumb Code   256  rtc.o(i.Auto_Time_Set)
    BKP_DeInit                               0x08001479   Thumb Code    16  stm32f10x_bkp.o(i.BKP_DeInit)
    BKP_ReadBackupRegister                   0x08001489   Thumb Code    24  stm32f10x_bkp.o(i.BKP_ReadBackupRegister)
    BKP_WriteBackupRegister                  0x080014a5   Thumb Code    22  stm32f10x_bkp.o(i.BKP_WriteBackupRegister)
    BusFault_Handler                         0x080014c1   Thumb Code     4  stm32f10x_it.o(i.BusFault_Handler)
    CT1711_Init                              0x080014c5   Thumb Code    54  ct1711.o(i.CT1711_Init)
    CT1711_Read_Bit                          0x08001505   Thumb Code    64  ct1711.o(i.CT1711_Read_Bit)
    CT1711_Read_Byte                         0x08001549   Thumb Code    28  ct1711.o(i.CT1711_Read_Byte)
    CT1711_Read_Temp_Degree                  0x08001565   Thumb Code   208  ct1711.o(i.CT1711_Read_Temp_Degree)
    CT1711_reset                             0x08001641   Thumb Code    28  ct1711.o(i.CT1711_reset)
    DebugMon_Handler                         0x08001661   Thumb Code     2  stm32f10x_it.o(i.DebugMon_Handler)
    GPIO_Init                                0x08001663   Thumb Code   278  stm32f10x_gpio.o(i.GPIO_Init)
    GPIO_PinRemapConfig                      0x08001779   Thumb Code   138  stm32f10x_gpio.o(i.GPIO_PinRemapConfig)
    GPIO_ReadInputDataBit                    0x08001809   Thumb Code    18  stm32f10x_gpio.o(i.GPIO_ReadInputDataBit)
    GPIO_ResetBits                           0x0800181b   Thumb Code     4  stm32f10x_gpio.o(i.GPIO_ResetBits)
    GPIO_SetBits                             0x0800181f   Thumb Code     4  stm32f10x_gpio.o(i.GPIO_SetBits)
    HardFault_Handler                        0x08001823   Thumb Code     4  stm32f10x_it.o(i.HardFault_Handler)
    IIC_Ack                                  0x08001829   Thumb Code    66  myiic.o(i.IIC_Ack)
    IIC_Init                                 0x08001879   Thumb Code    50  myiic.o(i.IIC_Init)
    IIC_NAck                                 0x080018b9   Thumb Code    66  myiic.o(i.IIC_NAck)
    IIC_Read_Byte                            0x08001909   Thumb Code    84  myiic.o(i.IIC_Read_Byte)
    IIC_Send_Byte                            0x08001969   Thumb Code    90  myiic.o(i.IIC_Send_Byte)
    IIC_Start                                0x080019d1   Thumb Code    64  myiic.o(i.IIC_Start)
    IIC_Stop                                 0x08001a1d   Thumb Code    62  myiic.o(i.IIC_Stop)
    IIC_Wait_Ack                             0x08001a69   Thumb Code    86  myiic.o(i.IIC_Wait_Ack)
    Is_Leap_Year                             0x08001acd   Thumb Code    58  rtc.o(i.Is_Leap_Year)
    KEY_Init                                 0x08001b09   Thumb Code    34  key.o(i.KEY_Init)
    LCD_Address_Set                          0x08001b31   Thumb Code    58  lcd_init.o(i.LCD_Address_Set)
    LCD_DrawPoint                            0x08001b6b   Thumb Code    28  lcd.o(i.LCD_DrawPoint)
    LCD_Fill                                 0x08001b87   Thumb Code    74  lcd.o(i.LCD_Fill)
    LCD_GPIO_Init                            0x08001bd1   Thumb Code    84  lcd_init.o(i.LCD_GPIO_Init)
    LCD_Init                                 0x08001c2d   Thumb Code   406  lcd_init.o(i.LCD_Init)
    LCD_ShowChar                             0x08001dcd   Thumb Code   328  lcd.o(i.LCD_ShowChar)
    LCD_ShowIntNum                           0x08001f25   Thumb Code   150  lcd.o(i.LCD_ShowIntNum)
    LCD_ShowString                           0x08001fbb   Thumb Code    66  lcd.o(i.LCD_ShowString)
    LCD_WR_DATA                              0x08001ffd   Thumb Code    18  lcd_init.o(i.LCD_WR_DATA)
    LCD_WR_DATA8                             0x0800200f   Thumb Code    12  lcd_init.o(i.LCD_WR_DATA8)
    LCD_WR_REG                               0x0800201d   Thumb Code    28  lcd_init.o(i.LCD_WR_REG)
    LCD_Writ_Bus                             0x0800203d   Thumb Code    78  lcd_init.o(i.LCD_Writ_Bus)
    LCD_show_struc                           0x08002091   Thumb Code   190  work.o(i.LCD_show_struc)
    MemManage_Handler                        0x080021a1   Thumb Code     4  stm32f10x_it.o(i.MemManage_Handler)
    NMI_Handler                              0x080021a5   Thumb Code     2  stm32f10x_it.o(i.NMI_Handler)
    NVIC_Configuration                       0x080021a7   Thumb Code    12  sys.o(i.NVIC_Configuration)
    NVIC_Init                                0x080021b5   Thumb Code   100  misc.o(i.NVIC_Init)
    NVIC_PriorityGroupConfig                 0x08002225   Thumb Code    10  misc.o(i.NVIC_PriorityGroupConfig)
    PWR_BackupAccessCmd                      0x08002239   Thumb Code     6  stm32f10x_pwr.o(i.PWR_BackupAccessCmd)
    PendSV_Handler                           0x08002245   Thumb Code     2  stm32f10x_it.o(i.PendSV_Handler)
    RCC_APB1PeriphClockCmd                   0x08002249   Thumb Code    26  stm32f10x_rcc.o(i.RCC_APB1PeriphClockCmd)
    RCC_APB2PeriphClockCmd                   0x08002269   Thumb Code    26  stm32f10x_rcc.o(i.RCC_APB2PeriphClockCmd)
    RCC_BackupResetCmd                       0x08002289   Thumb Code     6  stm32f10x_rcc.o(i.RCC_BackupResetCmd)
    RCC_ClearFlag                            0x08002295   Thumb Code    14  stm32f10x_rcc.o(i.RCC_ClearFlag)
    RCC_GetClocksFreq                        0x080022a9   Thumb Code   192  stm32f10x_rcc.o(i.RCC_GetClocksFreq)
    RCC_GetFlagStatus                        0x0800237d   Thumb Code    56  stm32f10x_rcc.o(i.RCC_GetFlagStatus)
    RCC_LSEConfig                            0x080023b9   Thumb Code    46  stm32f10x_rcc.o(i.RCC_LSEConfig)
    RCC_RTCCLKCmd                            0x080023ed   Thumb Code     6  stm32f10x_rcc.o(i.RCC_RTCCLKCmd)
    RCC_RTCCLKConfig                         0x080023f9   Thumb Code    12  stm32f10x_rcc.o(i.RCC_RTCCLKConfig)
    RTC_EnterConfigMode                      0x08002409   Thumb Code    14  stm32f10x_rtc.o(i.RTC_EnterConfigMode)
    RTC_ExitConfigMode                       0x0800241d   Thumb Code    16  stm32f10x_rtc.o(i.RTC_ExitConfigMode)
    RTC_Get                                  0x08002431   Thumb Code   246  rtc.o(i.RTC_Get)
    RTC_Get_Week                             0x0800253d   Thumb Code   116  rtc.o(i.RTC_Get_Week)
    RTC_IRQHandler                           0x080025b5   Thumb Code    72  rtc.o(i.RTC_IRQHandler)
    RTC_ITConfig                             0x08002601   Thumb Code    26  stm32f10x_rtc.o(i.RTC_ITConfig)
    RTC_Init                                 0x08002621   Thumb Code   168  rtc.o(i.RTC_Init)
    RTC_NVIC_Config                          0x080026c9   Thumb Code    34  rtc.o(i.RTC_NVIC_Config)
    RTC_Set                                  0x080026ed   Thumb Code   172  rtc.o(i.RTC_Set)
    RTC_SetCounter                           0x080027a9   Thumb Code    24  stm32f10x_rtc.o(i.RTC_SetCounter)
    RTC_SetPrescaler                         0x080027c5   Thumb Code    26  stm32f10x_rtc.o(i.RTC_SetPrescaler)
    RTC_WaitForLastTask                      0x080027e5   Thumb Code    16  stm32f10x_rtc.o(i.RTC_WaitForLastTask)
    RTC_WaitForSynchro                       0x080027f9   Thumb Code    30  stm32f10x_rtc.o(i.RTC_WaitForSynchro)
    SVC_Handler                              0x0800281d   Thumb Code     2  stm32f10x_it.o(i.SVC_Handler)
    SysTick_CLKSourceConfig                  0x0800281f   Thumb Code    40  misc.o(i.SysTick_CLKSourceConfig)
    SysTick_Handler                          0x08002847   Thumb Code     2  stm32f10x_it.o(i.SysTick_Handler)
    SystemInit                               0x08002849   Thumb Code    96  system_stm32f10x.o(i.SystemInit)
    USART1_IRQHandler                        0x080028ad   Thumb Code   184  usart.o(i.USART1_IRQHandler)
    USART_ClearFlag                          0x080029b5   Thumb Code    18  stm32f10x_usart.o(i.USART_ClearFlag)
    USART_ClearITPendingBit                  0x080029c7   Thumb Code    30  stm32f10x_usart.o(i.USART_ClearITPendingBit)
    USART_Cmd                                0x080029e5   Thumb Code    24  stm32f10x_usart.o(i.USART_Cmd)
    USART_GetFlagStatus                      0x080029fd   Thumb Code    26  stm32f10x_usart.o(i.USART_GetFlagStatus)
    USART_GetITStatus                        0x08002a17   Thumb Code    84  stm32f10x_usart.o(i.USART_GetITStatus)
    USART_ITConfig                           0x08002a6b   Thumb Code    74  stm32f10x_usart.o(i.USART_ITConfig)
    USART_Init                               0x08002ab5   Thumb Code   210  stm32f10x_usart.o(i.USART_Init)
    USART_ReceiveData                        0x08002b8d   Thumb Code    10  stm32f10x_usart.o(i.USART_ReceiveData)
    USART_SendData                           0x08002b97   Thumb Code     8  stm32f10x_usart.o(i.USART_SendData)
    USART_SendString                         0x08002b9f   Thumb Code    58  usart.o(i.USART_SendString)
    UsageFault_Handler                       0x08002bd9   Thumb Code     4  stm32f10x_it.o(i.UsageFault_Handler)
    __ARM_fpclassify                         0x08002bdd   Thumb Code    40  fpclassify.o(i.__ARM_fpclassify)
    _is_digit                                0x08002c05   Thumb Code    14  __printf_wp.o(i._is_digit)
    _sys_exit                                0x08002c13   Thumb Code     6  usart.o(i._sys_exit)
    delay_init                               0x08002c19   Thumb Code    52  delay.o(i.delay_init)
    delay_ms                                 0x08002c55   Thumb Code    56  delay.o(i.delay_ms)
    delay_us                                 0x08002c91   Thumb Code    56  delay.o(i.delay_us)
    main                                     0x08002ccd   Thumb Code   104  main.o(i.main)
    max30102_init                            0x08002d35   Thumb Code   174  max30102.o(i.max30102_init)
    max30102_read_fifo                       0x08002de9   Thumb Code   212  max30102.o(i.max30102_read_fifo)
    max30102_read_reg                        0x08002ebd   Thumb Code    82  max30102.o(i.max30102_read_reg)
    max30102_reset                           0x08002f0f   Thumb Code    20  max30102.o(i.max30102_reset)
    max30102_write_reg                       0x08002f23   Thumb Code    68  max30102.o(i.max30102_write_reg)
    maxim_find_peaks                         0x08002f67   Thumb Code    66  algorithm.o(i.maxim_find_peaks)
    maxim_heart_rate_and_oxygen_saturation   0x08002fa9   Thumb Code  1150  algorithm.o(i.maxim_heart_rate_and_oxygen_saturation)
    maxim_peaks_above_min_height             0x0800342d   Thumb Code   170  algorithm.o(i.maxim_peaks_above_min_height)
    maxim_remove_close_peaks                 0x080034d7   Thumb Code   114  algorithm.o(i.maxim_remove_close_peaks)
    maxim_sort_ascend                        0x08003549   Thumb Code    54  algorithm.o(i.maxim_sort_ascend)
    maxim_sort_indices_descend               0x0800357f   Thumb Code    64  algorithm.o(i.maxim_sort_indices_descend)
    mypow                                    0x080035bf   Thumb Code    22  lcd.o(i.mypow)
    show_health                              0x080035d5   Thumb Code   622  work.o(i.show_health)
    show_real_time                           0x08003895   Thumb Code   396  work.o(i.show_real_time)
    show_temperature                         0x08003a79   Thumb Code   248  work.o(i.show_temperature)
    str_cmpx                                 0x08003b85   Thumb Code    36  rtc.o(i.str_cmpx)
    uart_init                                0x08003ba9   Thumb Code   152  usart.o(i.uart_init)
    _get_lc_numeric                          0x08003c49   Thumb Code    44  lc_numeric_c.o(locale$$code)
    __aeabi_d2f                              0x08003c75   Thumb Code     0  d2f.o(x$fpl$d2f)
    _d2f                                     0x08003c75   Thumb Code    98  d2f.o(x$fpl$d2f)
    __fpl_dcmp_Inf                           0x08003cd7   Thumb Code    24  dcmpi.o(x$fpl$dcmpinf)
    __aeabi_ddiv                             0x08003cf1   Thumb Code     0  ddiv.o(x$fpl$ddiv)
    _ddiv                                    0x08003cf1   Thumb Code   552  ddiv.o(x$fpl$ddiv)
    __aeabi_i2d                              0x08003fa1   Thumb Code     0  dflt_clz.o(x$fpl$dflt)
    _dflt                                    0x08003fa1   Thumb Code    46  dflt_clz.o(x$fpl$dflt)
    __aeabi_cdcmple                          0x08003fd1   Thumb Code     0  dleqf.o(x$fpl$dleqf)
    _dcmple                                  0x08003fd1   Thumb Code   120  dleqf.o(x$fpl$dleqf)
    __fpl_dcmple_InfNaN                      0x08004033   Thumb Code     0  dleqf.o(x$fpl$dleqf)
    __aeabi_dmul                             0x08004049   Thumb Code     0  dmul.o(x$fpl$dmul)
    _dmul                                    0x08004049   Thumb Code   332  dmul.o(x$fpl$dmul)
    __fpl_dnaninf                            0x0800419d   Thumb Code   156  dnaninf.o(x$fpl$dnaninf)
    __fpl_dretinf                            0x08004239   Thumb Code    12  dretinf.o(x$fpl$dretinf)
    __aeabi_f2d                              0x08004245   Thumb Code     0  f2d.o(x$fpl$f2d)
    _f2d                                     0x08004245   Thumb Code    86  f2d.o(x$fpl$f2d)
    __aeabi_fadd                             0x0800429d   Thumb Code     0  faddsub_clz.o(x$fpl$fadd)
    _fadd                                    0x0800429d   Thumb Code   196  faddsub_clz.o(x$fpl$fadd)
    __aeabi_fdiv                             0x08004361   Thumb Code     0  fdiv.o(x$fpl$fdiv)
    _fdiv                                    0x08004361   Thumb Code   384  fdiv.o(x$fpl$fdiv)
    __aeabi_f2iz                             0x080044e5   Thumb Code     0  ffix.o(x$fpl$ffix)
    _ffix                                    0x080044e5   Thumb Code    54  ffix.o(x$fpl$ffix)
    __aeabi_f2uiz                            0x0800451d   Thumb Code     0  ffixu.o(x$fpl$ffixu)
    _ffixu                                   0x0800451d   Thumb Code    62  ffixu.o(x$fpl$ffixu)
    __aeabi_i2f                              0x0800455d   Thumb Code     0  fflt_clz.o(x$fpl$fflt)
    _fflt                                    0x0800455d   Thumb Code    48  fflt_clz.o(x$fpl$fflt)
    __aeabi_ui2f                             0x0800458d   Thumb Code     0  fflt_clz.o(x$fpl$ffltu)
    _ffltu                                   0x0800458d   Thumb Code    38  fflt_clz.o(x$fpl$ffltu)
    __aeabi_fmul                             0x080045b5   Thumb Code     0  fmul.o(x$fpl$fmul)
    _fmul                                    0x080045b5   Thumb Code   258  fmul.o(x$fpl$fmul)
    __fpl_fnaninf                            0x080046b7   Thumb Code   140  fnaninf.o(x$fpl$fnaninf)
    __fpl_fretinf                            0x08004743   Thumb Code    10  fretinf.o(x$fpl$fretinf)
    __aeabi_frsub                            0x0800474d   Thumb Code     0  faddsub_clz.o(x$fpl$frsb)
    _frsb                                    0x0800474d   Thumb Code    20  faddsub_clz.o(x$fpl$frsb)
    __aeabi_fsub                             0x08004761   Thumb Code     0  faddsub_clz.o(x$fpl$fsub)
    _fsub                                    0x08004761   Thumb Code   234  faddsub_clz.o(x$fpl$fsub)
    _printf_fp_dec                           0x0800484b   Thumb Code     4  printf1.o(x$fpl$printf1)
    __I$use$fp                               0x0800484e   Number         0  usenofp.o(x$fpl$usenofp)
    table_week                               0x0800484e   Data          12  rtc.o(.constdata)
    mon_table                                0x0800485a   Data          12  rtc.o(.constdata)
    Month_Tab                                0x08004866   Data          36  rtc.o(.constdata)
    uch_spo2_table                           0x0800488a   Data         184  algorithm.o(.constdata)
    ascii_1206                               0x08004942   Data        1140  lcd.o(.constdata)
    ascii_1608                               0x08004db6   Data        1520  lcd.o(.constdata)
    ascii_2412                               0x080053a6   Data        4560  lcd.o(.constdata)
    ascii_3216                               0x08006576   Data        6080  lcd.o(.constdata)
    tfont12                                  0x08007d36   Data         130  lcd.o(.constdata)
    tfont16                                  0x08007db8   Data         170  lcd.o(.constdata)
    tfont24                                  0x08007e62   Data         370  lcd.o(.constdata)
    tfont32                                  0x08007fd4   Data         650  lcd.o(.constdata)
    Region$$Table$$Base                      0x08008350   Number         0  anon$$obj.o(Region$$Table)
    Region$$Table$$Limit                     0x08008370   Number         0  anon$$obj.o(Region$$Table)
    COMPILED_DATE                            0x2000001c   Data           4  work.o(.data)
    COMPILED_TIME                            0x20000020   Data           4  work.o(.data)
    Week                                     0x20000024   Data          28  work.o(.data)
    n_ir_buffer_length                       0x20000040   Data           4  work.o(.data)
    n_sp02                                   0x20000044   Data           4  work.o(.data)
    ch_spo2_valid                            0x20000048   Data           1  work.o(.data)
    n_heart_rate                             0x2000004c   Data           4  work.o(.data)
    ch_hr_valid                              0x20000050   Data           1  work.o(.data)
    j                                        0x20000054   Data           4  work.o(.data)
    k                                        0x20000058   Data           4  work.o(.data)
    a                                        0x2000005c   Data           4  work.o(.data)
    b                                        0x20000060   Data           4  work.o(.data)
    HR_BUF                                   0x20000064   Data           4  work.o(.data)
    SP_BUF                                   0x20000068   Data           4  work.o(.data)
    timer                                    0x2000006c   Data          10  rtc.o(.bss)
    aun_ir_buffer                            0x200009d8   Data        2000  work.o(.bss)
    aun_red_buffer                           0x200011a8   Data        2000  work.o(.bss)
    __libspace_start                         0x20001978   Data          96  libspace.o(.bss)
    __temporary_stack_top$libspace           0x200019d8   Data           0  libspace.o(.bss)



==============================================================================

Memory Map of the image

  Image Entry point : 0x080000ed

  Load Region LR_IROM1 (Base: 0x08000000, Size: 0x000083f8, Max: 0x00010000, ABSOLUTE)

    Execution Region ER_IROM1 (Exec base: 0x08000000, Load base: 0x08000000, Size: 0x0000838c, Max: 0x00010000, ABSOLUTE)

    Exec Addr    Load Addr    Size         Type   Attr      Idx    E Section Name        Object

    0x08000000   0x08000000   0x000000ec   Data   RO           19    RESET               startup_stm32f10x_md.o
    0x080000ec   0x080000ec   0x00000008   Code   RO         2588  * !!!main             c_w.l(__main.o)
    0x080000f4   0x080000f4   0x00000034   Code   RO         2856    !!!scatter          c_w.l(__scatter.o)
    0x08000128   0x08000128   0x0000001a   Code   RO         2858    !!handler_copy      c_w.l(__scatter_copy.o)
    0x08000142   0x08000142   0x00000002   PAD
    0x08000144   0x08000144   0x0000001c   Code   RO         2860    !!handler_zi        c_w.l(__scatter_zi.o)
    0x08000160   0x08000160   0x00000000   Code   RO         2585    .ARM.Collect$$_printf_percent$$00000000  c_w.l(_printf_percent.o)
    0x08000160   0x08000160   0x00000006   Code   RO         2584    .ARM.Collect$$_printf_percent$$00000003  c_w.l(_printf_f.o)
    0x08000166   0x08000166   0x00000006   Code   RO         2583    .ARM.Collect$$_printf_percent$$00000009  c_w.l(_printf_d.o)
    0x0800016c   0x0800016c   0x00000004   Code   RO         2647    .ARM.Collect$$_printf_percent$$00000017  c_w.l(_printf_percent_end.o)
    0x08000170   0x08000170   0x00000002   Code   RO         2731    .ARM.Collect$$libinit$$00000000  c_w.l(libinit.o)
    0x08000172   0x08000172   0x00000000   Code   RO         2733    .ARM.Collect$$libinit$$00000002  c_w.l(libinit2.o)
    0x08000172   0x08000172   0x00000000   Code   RO         2735    .ARM.Collect$$libinit$$00000004  c_w.l(libinit2.o)
    0x08000172   0x08000172   0x00000000   Code   RO         2738    .ARM.Collect$$libinit$$0000000A  c_w.l(libinit2.o)
    0x08000172   0x08000172   0x00000000   Code   RO         2740    .ARM.Collect$$libinit$$0000000C  c_w.l(libinit2.o)
    0x08000172   0x08000172   0x00000000   Code   RO         2742    .ARM.Collect$$libinit$$0000000E  c_w.l(libinit2.o)
    0x08000172   0x08000172   0x00000006   Code   RO         2743    .ARM.Collect$$libinit$$0000000F  c_w.l(libinit2.o)
    0x08000178   0x08000178   0x00000000   Code   RO         2745    .ARM.Collect$$libinit$$00000011  c_w.l(libinit2.o)
    0x08000178   0x08000178   0x00000000   Code   RO         2747    .ARM.Collect$$libinit$$00000013  c_w.l(libinit2.o)
    0x08000178   0x08000178   0x00000000   Code   RO         2749    .ARM.Collect$$libinit$$00000015  c_w.l(libinit2.o)
    0x08000178   0x08000178   0x0000000a   Code   RO         2750    .ARM.Collect$$libinit$$00000016  c_w.l(libinit2.o)
    0x08000182   0x08000182   0x00000000   Code   RO         2751    .ARM.Collect$$libinit$$00000017  c_w.l(libinit2.o)
    0x08000182   0x08000182   0x00000000   Code   RO         2753    .ARM.Collect$$libinit$$00000019  c_w.l(libinit2.o)
    0x08000182   0x08000182   0x00000000   Code   RO         2755    .ARM.Collect$$libinit$$0000001B  c_w.l(libinit2.o)
    0x08000182   0x08000182   0x00000000   Code   RO         2757    .ARM.Collect$$libinit$$0000001D  c_w.l(libinit2.o)
    0x08000182   0x08000182   0x00000000   Code   RO         2759    .ARM.Collect$$libinit$$0000001F  c_w.l(libinit2.o)
    0x08000182   0x08000182   0x00000000   Code   RO         2761    .ARM.Collect$$libinit$$00000021  c_w.l(libinit2.o)
    0x08000182   0x08000182   0x00000000   Code   RO         2763    .ARM.Collect$$libinit$$00000023  c_w.l(libinit2.o)
    0x08000182   0x08000182   0x00000000   Code   RO         2765    .ARM.Collect$$libinit$$00000025  c_w.l(libinit2.o)
    0x08000182   0x08000182   0x00000000   Code   RO         2769    .ARM.Collect$$libinit$$0000002C  c_w.l(libinit2.o)
    0x08000182   0x08000182   0x00000000   Code   RO         2771    .ARM.Collect$$libinit$$0000002E  c_w.l(libinit2.o)
    0x08000182   0x08000182   0x00000000   Code   RO         2773    .ARM.Collect$$libinit$$00000030  c_w.l(libinit2.o)
    0x08000182   0x08000182   0x00000000   Code   RO         2775    .ARM.Collect$$libinit$$00000032  c_w.l(libinit2.o)
    0x08000182   0x08000182   0x00000002   Code   RO         2776    .ARM.Collect$$libinit$$00000033  c_w.l(libinit2.o)
    0x08000184   0x08000184   0x00000002   Code   RO         2804    .ARM.Collect$$libshutdown$$00000000  c_w.l(libshutdown.o)
    0x08000186   0x08000186   0x00000000   Code   RO         2813    .ARM.Collect$$libshutdown$$00000002  c_w.l(libshutdown2.o)
    0x08000186   0x08000186   0x00000000   Code   RO         2815    .ARM.Collect$$libshutdown$$00000004  c_w.l(libshutdown2.o)
    0x08000186   0x08000186   0x00000000   Code   RO         2817    .ARM.Collect$$libshutdown$$00000006  c_w.l(libshutdown2.o)
    0x08000186   0x08000186   0x00000000   Code   RO         2820    .ARM.Collect$$libshutdown$$00000009  c_w.l(libshutdown2.o)
    0x08000186   0x08000186   0x00000000   Code   RO         2823    .ARM.Collect$$libshutdown$$0000000C  c_w.l(libshutdown2.o)
    0x08000186   0x08000186   0x00000000   Code   RO         2825    .ARM.Collect$$libshutdown$$0000000E  c_w.l(libshutdown2.o)
    0x08000186   0x08000186   0x00000000   Code   RO         2828    .ARM.Collect$$libshutdown$$00000011  c_w.l(libshutdown2.o)
    0x08000186   0x08000186   0x00000002   Code   RO         2829    .ARM.Collect$$libshutdown$$00000012  c_w.l(libshutdown2.o)
    0x08000188   0x08000188   0x00000000   Code   RO         2638    .ARM.Collect$$rtentry$$00000000  c_w.l(__rtentry.o)
    0x08000188   0x08000188   0x00000000   Code   RO         2660    .ARM.Collect$$rtentry$$00000002  c_w.l(__rtentry2.o)
    0x08000188   0x08000188   0x00000006   Code   RO         2672    .ARM.Collect$$rtentry$$00000004  c_w.l(__rtentry4.o)
    0x0800018e   0x0800018e   0x00000000   Code   RO         2662    .ARM.Collect$$rtentry$$00000009  c_w.l(__rtentry2.o)
    0x0800018e   0x0800018e   0x00000004   Code   RO         2663    .ARM.Collect$$rtentry$$0000000A  c_w.l(__rtentry2.o)
    0x08000192   0x08000192   0x00000000   Code   RO         2665    .ARM.Collect$$rtentry$$0000000C  c_w.l(__rtentry2.o)
    0x08000192   0x08000192   0x00000008   Code   RO         2666    .ARM.Collect$$rtentry$$0000000D  c_w.l(__rtentry2.o)
    0x0800019a   0x0800019a   0x00000002   Code   RO         2777    .ARM.Collect$$rtexit$$00000000  c_w.l(rtexit.o)
    0x0800019c   0x0800019c   0x00000000   Code   RO         2784    .ARM.Collect$$rtexit$$00000002  c_w.l(rtexit2.o)
    0x0800019c   0x0800019c   0x00000004   Code   RO         2785    .ARM.Collect$$rtexit$$00000003  c_w.l(rtexit2.o)
    0x080001a0   0x080001a0   0x00000006   Code   RO         2786    .ARM.Collect$$rtexit$$00000004  c_w.l(rtexit2.o)
    0x080001a6   0x080001a6   0x00000002   PAD
    0x080001a8   0x080001a8   0x00000040   Code   RO           20    .text               startup_stm32f10x_md.o
    0x080001e8   0x080001e8   0x00000002   Code   RO         2551    .text               c_w.l(use_no_semi_2.o)
    0x080001ea   0x080001ea   0x00000002   PAD
    0x080001ec   0x080001ec   0x00000028   Code   RO         2555    .text               c_w.l(noretval__2sprintf.o)
    0x08000214   0x08000214   0x0000004e   Code   RO         2559    .text               c_w.l(_printf_pad.o)
    0x08000262   0x08000262   0x00000002   PAD
    0x08000264   0x08000264   0x00000078   Code   RO         2561    .text               c_w.l(_printf_dec.o)
    0x080002dc   0x080002dc   0x0000010e   Code   RO         2571    .text               c_w.l(__printf_wp.o)
    0x080003ea   0x080003ea   0x00000006   Code   RO         2586    .text               c_w.l(heapauxi.o)
    0x080003f0   0x080003f0   0x00000002   Code   RO         2636    .text               c_w.l(use_no_semi.o)
    0x080003f2   0x080003f2   0x000000b2   Code   RO         2639    .text               c_w.l(_printf_intcommon.o)
    0x080004a4   0x080004a4   0x0000041e   Code   RO         2641    .text               c_w.l(_printf_fp_dec.o)
    0x080008c2   0x080008c2   0x00000002   PAD
    0x080008c4   0x080008c4   0x00000030   Code   RO         2643    .text               c_w.l(_printf_char_common.o)
    0x080008f4   0x080008f4   0x0000000a   Code   RO         2645    .text               c_w.l(_sputc.o)
    0x080008fe   0x080008fe   0x00000002   PAD
    0x08000900   0x08000900   0x00000008   Code   RO         2677    .text               c_w.l(rt_locale_intlibspace.o)
    0x08000908   0x08000908   0x0000008a   Code   RO         2679    .text               c_w.l(lludiv10.o)
    0x08000992   0x08000992   0x00000002   PAD
    0x08000994   0x08000994   0x00000080   Code   RO         2681    .text               c_w.l(_printf_fp_infnan.o)
    0x08000a14   0x08000a14   0x000000e4   Code   RO         2685    .text               c_w.l(bigflt0.o)
    0x08000af8   0x08000af8   0x00000008   Code   RO         2717    .text               c_w.l(libspace.o)
    0x08000b00   0x08000b00   0x0000004a   Code   RO         2720    .text               c_w.l(sys_stackheap_outer.o)
    0x08000b4a   0x08000b4a   0x00000012   Code   RO         2722    .text               c_w.l(exit.o)
    0x08000b5c   0x08000b5c   0x00000080   Code   RO         2724    .text               c_w.l(strcmpv7m.o)
    0x08000bdc   0x08000bdc   0x0000003e   Code   RO         2688    CL$$btod_d2e        c_w.l(btod.o)
    0x08000c1a   0x08000c1a   0x00000046   Code   RO         2690    CL$$btod_d2e_denorm_low  c_w.l(btod.o)
    0x08000c60   0x08000c60   0x00000060   Code   RO         2689    CL$$btod_d2e_norm_op1  c_w.l(btod.o)
    0x08000cc0   0x08000cc0   0x00000338   Code   RO         2698    CL$$btod_div_common  c_w.l(btod.o)
    0x08000ff8   0x08000ff8   0x000000dc   Code   RO         2695    CL$$btod_e2e        c_w.l(btod.o)
    0x080010d4   0x080010d4   0x0000002a   Code   RO         2692    CL$$btod_ediv       c_w.l(btod.o)
    0x080010fe   0x080010fe   0x0000002a   Code   RO         2691    CL$$btod_emul       c_w.l(btod.o)
    0x08001128   0x08001128   0x00000244   Code   RO         2697    CL$$btod_mult_common  c_w.l(btod.o)
    0x0800136c   0x0800136c   0x0000010c   Code   RO         2008    i.Auto_Time_Set     rtc.o
    0x08001478   0x08001478   0x00000010   Code   RO         1601    i.BKP_DeInit        stm32f10x_bkp.o
    0x08001488   0x08001488   0x0000001c   Code   RO         1606    i.BKP_ReadBackupRegister  stm32f10x_bkp.o
    0x080014a4   0x080014a4   0x0000001c   Code   RO         1610    i.BKP_WriteBackupRegister  stm32f10x_bkp.o
    0x080014c0   0x080014c0   0x00000004   Code   RO         2452    i.BusFault_Handler  stm32f10x_it.o
    0x080014c4   0x080014c4   0x00000040   Code   RO         2213    i.CT1711_Init       ct1711.o
    0x08001504   0x08001504   0x00000044   Code   RO         2214    i.CT1711_Read_Bit   ct1711.o
    0x08001548   0x08001548   0x0000001c   Code   RO         2215    i.CT1711_Read_Byte  ct1711.o
    0x08001564   0x08001564   0x000000dc   Code   RO         2216    i.CT1711_Read_Temp_Degree  ct1711.o
    0x08001640   0x08001640   0x00000020   Code   RO         2217    i.CT1711_reset      ct1711.o
    0x08001660   0x08001660   0x00000002   Code   RO         2453    i.DebugMon_Handler  stm32f10x_it.o
    0x08001662   0x08001662   0x00000116   Code   RO          593    i.GPIO_Init         stm32f10x_gpio.o
    0x08001778   0x08001778   0x00000090   Code   RO          595    i.GPIO_PinRemapConfig  stm32f10x_gpio.o
    0x08001808   0x08001808   0x00000012   Code   RO          597    i.GPIO_ReadInputDataBit  stm32f10x_gpio.o
    0x0800181a   0x0800181a   0x00000004   Code   RO          600    i.GPIO_ResetBits    stm32f10x_gpio.o
    0x0800181e   0x0800181e   0x00000004   Code   RO          601    i.GPIO_SetBits      stm32f10x_gpio.o
    0x08001822   0x08001822   0x00000004   Code   RO         2454    i.HardFault_Handler  stm32f10x_it.o
    0x08001826   0x08001826   0x00000002   PAD
    0x08001828   0x08001828   0x00000050   Code   RO         1951    i.IIC_Ack           myiic.o
    0x08001878   0x08001878   0x00000040   Code   RO         1952    i.IIC_Init          myiic.o
    0x080018b8   0x080018b8   0x00000050   Code   RO         1953    i.IIC_NAck          myiic.o
    0x08001908   0x08001908   0x00000060   Code   RO         1954    i.IIC_Read_Byte     myiic.o
    0x08001968   0x08001968   0x00000068   Code   RO         1955    i.IIC_Send_Byte     myiic.o
    0x080019d0   0x080019d0   0x0000004c   Code   RO         1956    i.IIC_Start         myiic.o
    0x08001a1c   0x08001a1c   0x0000004c   Code   RO         1957    i.IIC_Stop          myiic.o
    0x08001a68   0x08001a68   0x00000064   Code   RO         1958    i.IIC_Wait_Ack      myiic.o
    0x08001acc   0x08001acc   0x0000003a   Code   RO         2009    i.Is_Leap_Year      rtc.o
    0x08001b06   0x08001b06   0x00000002   PAD
    0x08001b08   0x08001b08   0x00000028   Code   RO         2249    i.KEY_Init          key.o
    0x08001b30   0x08001b30   0x0000003a   Code   RO         2382    i.LCD_Address_Set   lcd_init.o
    0x08001b6a   0x08001b6a   0x0000001c   Code   RO         2273    i.LCD_DrawPoint     lcd.o
    0x08001b86   0x08001b86   0x0000004a   Code   RO         2275    i.LCD_Fill          lcd.o
    0x08001bd0   0x08001bd0   0x0000005c   Code   RO         2383    i.LCD_GPIO_Init     lcd_init.o
    0x08001c2c   0x08001c2c   0x000001a0   Code   RO         2384    i.LCD_Init          lcd_init.o
    0x08001dcc   0x08001dcc   0x00000158   Code   RO         2276    i.LCD_ShowChar      lcd.o
    0x08001f24   0x08001f24   0x00000096   Code   RO         2283    i.LCD_ShowIntNum    lcd.o
    0x08001fba   0x08001fba   0x00000042   Code   RO         2285    i.LCD_ShowString    lcd.o
    0x08001ffc   0x08001ffc   0x00000012   Code   RO         2385    i.LCD_WR_DATA       lcd_init.o
    0x0800200e   0x0800200e   0x0000000c   Code   RO         2386    i.LCD_WR_DATA8      lcd_init.o
    0x0800201a   0x0800201a   0x00000002   PAD
    0x0800201c   0x0800201c   0x00000020   Code   RO         2387    i.LCD_WR_REG        lcd_init.o
    0x0800203c   0x0800203c   0x00000054   Code   RO         2388    i.LCD_Writ_Bus      lcd_init.o
    0x08002090   0x08002090   0x00000110   Code   RO         2168    i.LCD_show_struc    work.o
    0x080021a0   0x080021a0   0x00000004   Code   RO         2455    i.MemManage_Handler  stm32f10x_it.o
    0x080021a4   0x080021a4   0x00000002   Code   RO         2456    i.NMI_Handler       stm32f10x_it.o
    0x080021a6   0x080021a6   0x0000000c   Code   RO         1886    i.NVIC_Configuration  sys.o
    0x080021b2   0x080021b2   0x00000002   PAD
    0x080021b4   0x080021b4   0x00000070   Code   RO           24    i.NVIC_Init         misc.o
    0x08002224   0x08002224   0x00000014   Code   RO           25    i.NVIC_PriorityGroupConfig  misc.o
    0x08002238   0x08002238   0x0000000c   Code   RO          701    i.PWR_BackupAccessCmd  stm32f10x_pwr.o
    0x08002244   0x08002244   0x00000002   Code   RO         2457    i.PendSV_Handler    stm32f10x_it.o
    0x08002246   0x08002246   0x00000002   PAD
    0x08002248   0x08002248   0x00000020   Code   RO          763    i.RCC_APB1PeriphClockCmd  stm32f10x_rcc.o
    0x08002268   0x08002268   0x00000020   Code   RO          765    i.RCC_APB2PeriphClockCmd  stm32f10x_rcc.o
    0x08002288   0x08002288   0x0000000c   Code   RO          768    i.RCC_BackupResetCmd  stm32f10x_rcc.o
    0x08002294   0x08002294   0x00000014   Code   RO          769    i.RCC_ClearFlag     stm32f10x_rcc.o
    0x080022a8   0x080022a8   0x000000d4   Code   RO          773    i.RCC_GetClocksFreq  stm32f10x_rcc.o
    0x0800237c   0x0800237c   0x0000003c   Code   RO          774    i.RCC_GetFlagStatus  stm32f10x_rcc.o
    0x080023b8   0x080023b8   0x00000034   Code   RO          781    i.RCC_LSEConfig     stm32f10x_rcc.o
    0x080023ec   0x080023ec   0x0000000c   Code   RO          788    i.RCC_RTCCLKCmd     stm32f10x_rcc.o
    0x080023f8   0x080023f8   0x00000010   Code   RO          789    i.RCC_RTCCLKConfig  stm32f10x_rcc.o
    0x08002408   0x08002408   0x00000014   Code   RO          963    i.RTC_EnterConfigMode  stm32f10x_rtc.o
    0x0800241c   0x0800241c   0x00000014   Code   RO          964    i.RTC_ExitConfigMode  stm32f10x_rtc.o
    0x08002430   0x08002430   0x0000010c   Code   RO         2010    i.RTC_Get           rtc.o
    0x0800253c   0x0800253c   0x00000078   Code   RO         2011    i.RTC_Get_Week      rtc.o
    0x080025b4   0x080025b4   0x0000004c   Code   RO         2012    i.RTC_IRQHandler    rtc.o
    0x08002600   0x08002600   0x00000020   Code   RO          969    i.RTC_ITConfig      stm32f10x_rtc.o
    0x08002620   0x08002620   0x000000a8   Code   RO         2013    i.RTC_Init          rtc.o
    0x080026c8   0x080026c8   0x00000022   Code   RO         2014    i.RTC_NVIC_Config   rtc.o
    0x080026ea   0x080026ea   0x00000002   PAD
    0x080026ec   0x080026ec   0x000000bc   Code   RO         2015    i.RTC_Set           rtc.o
    0x080027a8   0x080027a8   0x0000001c   Code   RO          971    i.RTC_SetCounter    stm32f10x_rtc.o
    0x080027c4   0x080027c4   0x00000020   Code   RO          972    i.RTC_SetPrescaler  stm32f10x_rtc.o
    0x080027e4   0x080027e4   0x00000014   Code   RO          973    i.RTC_WaitForLastTask  stm32f10x_rtc.o
    0x080027f8   0x080027f8   0x00000024   Code   RO          974    i.RTC_WaitForSynchro  stm32f10x_rtc.o
    0x0800281c   0x0800281c   0x00000002   Code   RO         2458    i.SVC_Handler       stm32f10x_it.o
    0x0800281e   0x0800281e   0x00000028   Code   RO           28    i.SysTick_CLKSourceConfig  misc.o
    0x08002846   0x08002846   0x00000002   Code   RO         2459    i.SysTick_Handler   stm32f10x_it.o
    0x08002848   0x08002848   0x00000064   Code   RO         2518    i.SystemInit        system_stm32f10x.o
    0x080028ac   0x080028ac   0x00000108   Code   RO         1901    i.USART1_IRQHandler  usart.o
    0x080029b4   0x080029b4   0x00000012   Code   RO         1677    i.USART_ClearFlag   stm32f10x_usart.o
    0x080029c6   0x080029c6   0x0000001e   Code   RO         1678    i.USART_ClearITPendingBit  stm32f10x_usart.o
    0x080029e4   0x080029e4   0x00000018   Code   RO         1681    i.USART_Cmd         stm32f10x_usart.o
    0x080029fc   0x080029fc   0x0000001a   Code   RO         1684    i.USART_GetFlagStatus  stm32f10x_usart.o
    0x08002a16   0x08002a16   0x00000054   Code   RO         1685    i.USART_GetITStatus  stm32f10x_usart.o
    0x08002a6a   0x08002a6a   0x0000004a   Code   RO         1687    i.USART_ITConfig    stm32f10x_usart.o
    0x08002ab4   0x08002ab4   0x000000d8   Code   RO         1688    i.USART_Init        stm32f10x_usart.o
    0x08002b8c   0x08002b8c   0x0000000a   Code   RO         1695    i.USART_ReceiveData  stm32f10x_usart.o
    0x08002b96   0x08002b96   0x00000008   Code   RO         1698    i.USART_SendData    stm32f10x_usart.o
    0x08002b9e   0x08002b9e   0x0000003a   Code   RO         1902    i.USART_SendString  usart.o
    0x08002bd8   0x08002bd8   0x00000004   Code   RO         2460    i.UsageFault_Handler  stm32f10x_it.o
    0x08002bdc   0x08002bdc   0x00000028   Code   RO         2715    i.__ARM_fpclassify  m_ws.l(fpclassify.o)
    0x08002c04   0x08002c04   0x0000000e   Code   RO         2573    i._is_digit         c_w.l(__printf_wp.o)
    0x08002c12   0x08002c12   0x00000006   Code   RO         1903    i._sys_exit         usart.o
    0x08002c18   0x08002c18   0x0000003c   Code   RO         1857    i.delay_init        delay.o
    0x08002c54   0x08002c54   0x0000003c   Code   RO         1858    i.delay_ms          delay.o
    0x08002c90   0x08002c90   0x0000003c   Code   RO         1859    i.delay_us          delay.o
    0x08002ccc   0x08002ccc   0x00000068   Code   RO         2430    i.main              main.o
    0x08002d34   0x08002d34   0x000000b4   Code   RO         2129    i.max30102_init     max30102.o
    0x08002de8   0x08002de8   0x000000d4   Code   RO         2130    i.max30102_read_fifo  max30102.o
    0x08002ebc   0x08002ebc   0x00000052   Code   RO         2131    i.max30102_read_reg  max30102.o
    0x08002f0e   0x08002f0e   0x00000014   Code   RO         2132    i.max30102_reset    max30102.o
    0x08002f22   0x08002f22   0x00000044   Code   RO         2133    i.max30102_write_reg  max30102.o
    0x08002f66   0x08002f66   0x00000042   Code   RO         2077    i.maxim_find_peaks  algorithm.o
    0x08002fa8   0x08002fa8   0x00000484   Code   RO         2078    i.maxim_heart_rate_and_oxygen_saturation  algorithm.o
    0x0800342c   0x0800342c   0x000000aa   Code   RO         2079    i.maxim_peaks_above_min_height  algorithm.o
    0x080034d6   0x080034d6   0x00000072   Code   RO         2080    i.maxim_remove_close_peaks  algorithm.o
    0x08003548   0x08003548   0x00000036   Code   RO         2081    i.maxim_sort_ascend  algorithm.o
    0x0800357e   0x0800357e   0x00000040   Code   RO         2082    i.maxim_sort_indices_descend  algorithm.o
    0x080035be   0x080035be   0x00000016   Code   RO         2286    i.mypow             lcd.o
    0x080035d4   0x080035d4   0x000002c0   Code   RO         2169    i.show_health       work.o
    0x08003894   0x08003894   0x000001e4   Code   RO         2170    i.show_real_time    work.o
    0x08003a78   0x08003a78   0x0000010c   Code   RO         2171    i.show_temperature  work.o
    0x08003b84   0x08003b84   0x00000024   Code   RO         2016    i.str_cmpx          rtc.o
    0x08003ba8   0x08003ba8   0x000000a0   Code   RO         1905    i.uart_init         usart.o
    0x08003c48   0x08003c48   0x0000002c   Code   RO         2711    locale$$code        c_w.l(lc_numeric_c.o)
    0x08003c74   0x08003c74   0x00000062   Code   RO         2590    x$fpl$d2f           fz_ws.l(d2f.o)
    0x08003cd6   0x08003cd6   0x00000018   Code   RO         2648    x$fpl$dcmpinf       fz_ws.l(dcmpi.o)
    0x08003cee   0x08003cee   0x00000002   PAD
    0x08003cf0   0x08003cf0   0x000002b0   Code   RO         2593    x$fpl$ddiv          fz_ws.l(ddiv.o)
    0x08003fa0   0x08003fa0   0x0000002e   Code   RO         2597    x$fpl$dflt          fz_ws.l(dflt_clz.o)
    0x08003fce   0x08003fce   0x00000002   PAD
    0x08003fd0   0x08003fd0   0x00000078   Code   RO         2602    x$fpl$dleqf         fz_ws.l(dleqf.o)
    0x08004048   0x08004048   0x00000154   Code   RO         2604    x$fpl$dmul          fz_ws.l(dmul.o)
    0x0800419c   0x0800419c   0x0000009c   Code   RO         2650    x$fpl$dnaninf       fz_ws.l(dnaninf.o)
    0x08004238   0x08004238   0x0000000c   Code   RO         2652    x$fpl$dretinf       fz_ws.l(dretinf.o)
    0x08004244   0x08004244   0x00000056   Code   RO         2606    x$fpl$f2d           fz_ws.l(f2d.o)
    0x0800429a   0x0800429a   0x00000002   PAD
    0x0800429c   0x0800429c   0x000000c4   Code   RO         2608    x$fpl$fadd          fz_ws.l(faddsub_clz.o)
    0x08004360   0x08004360   0x00000184   Code   RO         2615    x$fpl$fdiv          fz_ws.l(fdiv.o)
    0x080044e4   0x080044e4   0x00000036   Code   RO         2618    x$fpl$ffix          fz_ws.l(ffix.o)
    0x0800451a   0x0800451a   0x00000002   PAD
    0x0800451c   0x0800451c   0x0000003e   Code   RO         2622    x$fpl$ffixu         fz_ws.l(ffixu.o)
    0x0800455a   0x0800455a   0x00000002   PAD
    0x0800455c   0x0800455c   0x00000030   Code   RO         2627    x$fpl$fflt          fz_ws.l(fflt_clz.o)
    0x0800458c   0x0800458c   0x00000026   Code   RO         2626    x$fpl$ffltu         fz_ws.l(fflt_clz.o)
    0x080045b2   0x080045b2   0x00000002   PAD
    0x080045b4   0x080045b4   0x00000102   Code   RO         2632    x$fpl$fmul          fz_ws.l(fmul.o)
    0x080046b6   0x080046b6   0x0000008c   Code   RO         2654    x$fpl$fnaninf       fz_ws.l(fnaninf.o)
    0x08004742   0x08004742   0x0000000a   Code   RO         2656    x$fpl$fretinf       fz_ws.l(fretinf.o)
    0x0800474c   0x0800474c   0x00000014   Code   RO         2609    x$fpl$frsb          fz_ws.l(faddsub_clz.o)
    0x08004760   0x08004760   0x000000ea   Code   RO         2610    x$fpl$fsub          fz_ws.l(faddsub_clz.o)
    0x0800484a   0x0800484a   0x00000004   Code   RO         2634    x$fpl$printf1       fz_ws.l(printf1.o)
    0x0800484e   0x0800484e   0x00000000   Code   RO         2658    x$fpl$usenofp       fz_ws.l(usenofp.o)
    0x0800484e   0x0800484e   0x0000003c   Data   RO         2018    .constdata          rtc.o
    0x0800488a   0x0800488a   0x000000b8   Data   RO         2084    .constdata          algorithm.o
    0x08004942   0x08004942   0x0000391c   Data   RO         2287    .constdata          lcd.o
    0x0800825e   0x0800825e   0x00000002   PAD
    0x08008260   0x08008260   0x00000094   Data   RO         2686    .constdata          c_w.l(bigflt0.o)
    0x080082f4   0x080082f4   0x00000059   Data   RO         2173    .conststring        work.o
    0x0800834d   0x0800834d   0x00000003   PAD
    0x08008350   0x08008350   0x00000020   Data   RO         2854    Region$$Table       anon$$obj.o
    0x08008370   0x08008370   0x0000001c   Data   RO         2710    locale$$data        c_w.l(lc_numeric_c.o)


    Execution Region RW_IRAM1 (Exec base: 0x20000000, Load base: 0x0800838c, Size: 0x00001fd8, Max: 0x00005000, ABSOLUTE)

    Exec Addr    Load Addr    Size         Type   Attr      Idx    E Section Name        Object

    0x20000000   0x0800838c   0x00000014   Data   RW          793    .data               stm32f10x_rcc.o
    0x20000014   0x080083a0   0x00000004   Data   RW         1860    .data               delay.o
    0x20000018   0x080083a4   0x00000002   Data   RW         2019    .data               rtc.o
    0x2000001a   0x080083a6   0x00000002   PAD
    0x2000001c   0x080083a8   0x00000050   Data   RW         2174    .data               work.o
    0x2000006c        -       0x0000000a   Zero   RW         2017    .bss                rtc.o
    0x20000076   0x080083f8   0x00000002   PAD
    0x20000078        -       0x000004b0   Zero   RW         2083    .bss                algorithm.o
    0x20000528        -       0x00001450   Zero   RW         2172    .bss                work.o
    0x20001978        -       0x00000060   Zero   RW         2718    .bss                c_w.l(libspace.o)
    0x200019d8        -       0x00000200   Zero   RW           18    HEAP                startup_stm32f10x_md.o
    0x20001bd8        -       0x00000400   Zero   RW           17    STACK               startup_stm32f10x_md.o


==============================================================================

Image component sizes


      Code (inc. data)   RO Data    RW Data    ZI Data      Debug   Object Name

      1624         14        184          0       1200       7640   algorithm.o
         0          0          0          0          0       4540   core_cm3.o
       412         30          0          0          0       2920   ct1711.o
       180         16          0          4          0       1647   delay.o
        40          6          0          0          0        451   key.o
       684         16      14620          0          0       6034   lcd.o
       712         28          0          0          0       3838   lcd_init.o
       104          0          0          0          0        515   main.o
       562          6          0          0          0       3651   max30102.o
       172         22          0          0          0     228445   misc.o
       676        108          0          0          0       3934   myiic.o
      1216         58         60          2         10       6788   rtc.o
        64         26        236          0       1536        788   startup_stm32f10x_md.o
        72         10          0          0          0       2612   stm32f10x_bkp.o
       448          6          0          0          0       4386   stm32f10x_gpio.o
        26          0          0          0          0       3702   stm32f10x_it.o
        12          6          0          0          0        494   stm32f10x_pwr.o
       448         64          0         20          0       7422   stm32f10x_rcc.o
       188         36          0          0          0       3437   stm32f10x_rtc.o
       490          6          0          0          0       7181   stm32f10x_usart.o
        12          0          0          0          0        429   sys.o
       100          4          0          0          0        457   system_stm32f10x.o
       488         88          0          0          0       2911   usart.o
      1728        280         89         80       5200       3774   work.o

    ----------------------------------------------------------------------
     10470        830      15226        108       7948     307996   Object Totals
         0          0         32          0          0          0   (incl. Generated)
        12          0          5          2          2          0   (incl. Padding)

    ----------------------------------------------------------------------

      Code (inc. data)   RO Data    RW Data    ZI Data      Debug   Library Member Name

         8          0          0          0          0         68   __main.o
       284          0          0          0          0        156   __printf_wp.o
         0          0          0          0          0          0   __rtentry.o
        12          0          0          0          0          0   __rtentry2.o
         6          0          0          0          0          0   __rtentry4.o
        52          8          0          0          0          0   __scatter.o
        26          0          0          0          0          0   __scatter_copy.o
        28          0          0          0          0          0   __scatter_zi.o
        48          6          0          0          0         96   _printf_char_common.o
         6          0          0          0          0          0   _printf_d.o
       120         16          0          0          0         92   _printf_dec.o
         6          0          0          0          0          0   _printf_f.o
      1054          0          0          0          0        216   _printf_fp_dec.o
       128         16          0          0          0         84   _printf_fp_infnan.o
       178          0          0          0          0         88   _printf_intcommon.o
        78          0          0          0          0        108   _printf_pad.o
         0          0          0          0          0          0   _printf_percent.o
         4          0          0          0          0          0   _printf_percent_end.o
        10          0          0          0          0         68   _sputc.o
       228          4        148          0          0         96   bigflt0.o
      1936        128          0          0          0        672   btod.o
        18          0          0          0          0         80   exit.o
         6          0          0          0          0        152   heapauxi.o
        44         10         28          0          0         76   lc_numeric_c.o
         2          0          0          0          0          0   libinit.o
        18          0          0          0          0          0   libinit2.o
         2          0          0          0          0          0   libshutdown.o
         2          0          0          0          0          0   libshutdown2.o
         8          4          0          0         96         68   libspace.o
       138          0          0          0          0         80   lludiv10.o
        40          6          0          0          0         84   noretval__2sprintf.o
         8          4          0          0          0         68   rt_locale_intlibspace.o
         2          0          0          0          0          0   rtexit.o
        10          0          0          0          0          0   rtexit2.o
       128          0          0          0          0         68   strcmpv7m.o
        74          0          0          0          0         80   sys_stackheap_outer.o
         2          0          0          0          0         68   use_no_semi.o
         2          0          0          0          0         68   use_no_semi_2.o
        98          4          0          0          0         92   d2f.o
        24          0          0          0          0         68   dcmpi.o
       688        140          0          0          0        208   ddiv.o
        46          0          0          0          0         68   dflt_clz.o
       120          4          0          0          0         92   dleqf.o
       340         12          0          0          0        104   dmul.o
       156          4          0          0          0         92   dnaninf.o
        12          0          0          0          0         68   dretinf.o
        86          4          0          0          0         84   f2d.o
       450          8          0          0          0        236   faddsub_clz.o
       388         76          0          0          0         96   fdiv.o
        54          4          0          0          0         84   ffix.o
        62          4          0          0          0         84   ffixu.o
        86          0          0          0          0        136   fflt_clz.o
       258          4          0          0          0         84   fmul.o
       140          4          0          0          0         84   fnaninf.o
        10          0          0          0          0         68   fretinf.o
         4          0          0          0          0         68   printf1.o
         0          0          0          0          0          0   usenofp.o
        40          0          0          0          0         68   fpclassify.o

    ----------------------------------------------------------------------
      7804        470        176          0         96       4520   Library Totals
        26          0          0          0          0          0   (incl. Padding)

    ----------------------------------------------------------------------

      Code (inc. data)   RO Data    RW Data    ZI Data      Debug   Library Name

      4716        202        176          0         96       2636   c_w.l
      3022        268          0          0          0       1816   fz_ws.l
        40          0          0          0          0         68   m_ws.l

    ----------------------------------------------------------------------
      7804        470        176          0         96       4520   Library Totals

    ----------------------------------------------------------------------

==============================================================================


      Code (inc. data)   RO Data    RW Data    ZI Data      Debug   

     18274       1300      15402        108       8044     304712   Grand Totals
     18274       1300      15402        108       8044     304712   ELF Image Totals
     18274       1300      15402        108          0          0   ROM Totals

==============================================================================

    Total RO  Size (Code + RO Data)                33676 (  32.89kB)
    Total RW  Size (RW Data + ZI Data)              8152 (   7.96kB)
    Total ROM Size (Code + RO Data + RW Data)      33784 (  32.99kB)

==============================================================================

